../Core/Src/UI/ui_renderer.c:38:6:setVolume	16	static
../Core/Src/UI/ui_renderer.c:43:6:live_data_fill	24	static
../Core/Src/UI/ui_renderer.c:107:6:ui_song_list_navigate	24	static
../Core/Src/UI/ui_renderer.c:123:6:ui_menu_navigate	16	static
../Core/Src/UI/ui_renderer.c:128:6:ui_time_setup_next_field	4	static
../Core/Src/UI/ui_renderer.c:132:6:ui_time_setup_adjust	16	static
../Core/Src/UI/ui_renderer.c:140:6:ui_time_setup_seed	4	static
../Core/Src/UI/ui_renderer.c:146:6:ui_time_setup_get	8	static
../Core/Src/UI/ui_renderer.c:153:6:ui_light_navigate	16	static
../Core/Src/UI/ui_renderer.c:157:6:ui_timer_navigate	16	static
../Core/Src/UI/ui_renderer.c:162:5:ui_get_light_mode	4	static
../Core/Src/UI/ui_renderer.c:167:5:ui_get_timer_minutes	4	static
../Core/Src/UI/ui_renderer.c:173:6:ui_nowplaying_set	16	static
../Core/Src/UI/ui_renderer.c:185:6:ui_nowplaying_toggle_pause	4	static
../Core/Src/UI/ui_renderer.c:189:9:ui_get_selected_index	4	static
../Core/Src/UI/ui_renderer.c:194:6:ui_nowplaying_skip	24	static
../Core/Src/UI/ui_renderer.c:208:6:UI_SetAlarmListContext	16	static
../Core/Src/UI/ui_renderer.c:214:6:ui_time_submenu_navigate	16	static
../Core/Src/UI/ui_renderer.c:218:5:ui_get_time_submenu_selection	4	static
../Core/Src/UI/ui_renderer.c:223:6:ui_alarms_list_navigate	24	static
../Core/Src/UI/ui_renderer.c:240:5:ui_is_selected_alarm_empty	4	static
../Core/Src/UI/ui_renderer.c:247:6:ui_alarm_setup_seed	4	static
../Core/Src/UI/ui_renderer.c:253:6:ui_alarm_setup_next_field	4	static
../Core/Src/UI/ui_renderer.c:257:6:ui_alarm_setup_adjust	16	static
../Core/Src/UI/ui_renderer.c:264:6:ui_alarm_setup_confirm	8	static
../Core/Src/UI/ui_renderer.c:272:6:ui_alarm_delete_navigate	16	static
../Core/Src/UI/ui_renderer.c:276:6:ui_alarm_delete_confirm	8	static
../Core/Src/UI/ui_renderer.c:287:23:clamp8	16	static
../Core/Src/UI/ui_renderer.c:299:13:draw_star	56	static
../Core/Src/UI/ui_renderer.c:312:13:draw_small_star	56	static
../Core/Src/UI/ui_renderer.c:322:13:draw_music_note	48	static
../Core/Src/UI/ui_renderer.c:331:13:draw_bunny	72	static
../Core/Src/UI/ui_renderer.c:377:13:draw_bt_icon	48	static
../Core/Src/UI/ui_renderer.c:391:13:draw_large_bt_icon	48	static
../Core/Src/UI/ui_renderer.c:410:13:draw_large_music_note	40	static
../Core/Src/UI/ui_renderer.c:422:13:draw_clock_icon	48	static
../Core/Src/UI/ui_renderer.c:440:13:draw_vol_bar	40	static
../Core/Src/UI/ui_renderer.c:452:13:draw_scrollbar	40	static
../Core/Src/UI/ui_renderer.c:468:13:draw_centered_str	40	static
../Core/Src/UI/ui_renderer.c:478:13:draw_list	48	static
../Core/Src/UI/ui_renderer.c:501:13:draw_anim_scene	72	static
../Core/Src/UI/ui_renderer.c:544:13:draw_vol_overlay_body	40	static
../Core/Src/UI/ui_renderer.c:587:13:draw_alarm_bell	48	static
../Core/Src/UI/ui_renderer.c:608:16:alarm_fade_visible	16	static
../Core/Src/UI/ui_renderer.c:620:6:UI_DrawAlarmFiringOverlay	32	static
../Core/Src/UI/ui_renderer.c:656:6:UI_DrawMainScreen	48	static
../Core/Src/UI/ui_renderer.c:681:5:ui_get_menu_icon	4	static
../Core/Src/UI/ui_renderer.c:686:6:UI_DrawMenu	24	static
../Core/Src/UI/ui_renderer.c:728:6:UI_DrawMusicList	32	static
../Core/Src/UI/ui_renderer.c:742:6:UI_DrawPlayDisplay_DF	96	static
../Core/Src/UI/ui_renderer.c:800:6:UI_DrawPlayDisplay_ble	8	static
../Core/Src/UI/ui_renderer.c:806:6:UI_DrawTimeSetup	32	static
../Core/Src/UI/ui_renderer.c:857:6:UI_DrawTimeSubMenu	24	static
../Core/Src/UI/ui_renderer.c:865:6:UI_DrawAlarmsList	240	static
../Core/Src/UI/ui_renderer.c:887:6:UI_DrawAlarmSetup	32	static
../Core/Src/UI/ui_renderer.c:925:6:UI_DrawVolumeUp	8	static
../Core/Src/UI/ui_renderer.c:929:6:UI_DrawVolumeDwn	8	static
../Core/Src/UI/ui_renderer.c:933:6:UI_DrawLightsOverlay	24	static
../Core/Src/UI/ui_renderer.c:951:6:UI_DrawTimerOverlay	24	static
../Core/Src/UI/ui_renderer.c:968:6:UI_DrawAlarmDeleteOverlay	16	static
../Core/Src/UI/ui_renderer.c:997:6:ui_renderer_update	16	static
