../Core/Src/UI/ui_renderer.c:44:6:set_volume	16	static
../Core/Src/UI/ui_renderer.c:47:6:live_data_fill	24	static
../Core/Src/UI/ui_renderer.c:111:6:ui_song_list_navigate	24	static
../Core/Src/UI/ui_renderer.c:126:6:ui_menu_navigate	16	static
../Core/Src/UI/ui_renderer.c:131:6:ui_time_setup_next_field	4	static
../Core/Src/UI/ui_renderer.c:136:6:ui_time_setup_adjust	16	static
../Core/Src/UI/ui_renderer.c:146:6:ui_time_setup_seed	4	static
../Core/Src/UI/ui_renderer.c:153:6:ui_time_setup_get	8	static
../Core/Src/UI/ui_renderer.c:160:6:ui_light_navigate	16	static
../Core/Src/UI/ui_renderer.c:166:6:ui_timer_navigate	16	static
../Core/Src/UI/ui_renderer.c:173:5:ui_get_light_mode	4	static
../Core/Src/UI/ui_renderer.c:179:5:ui_get_timer_minutes	4	static
../Core/Src/UI/ui_renderer.c:197:6:ui_nowplaying_set	16	static
../Core/Src/UI/ui_renderer.c:217:6:ui_nowplaying_toggle_pause	4	static
../Core/Src/UI/ui_renderer.c:222:9:ui_get_selected_index	4	static
../Core/Src/UI/ui_renderer.c:240:6:ui_nowplaying_skip	24	static
../Core/Src/UI/ui_renderer.c:259:23:clamp8	16	static
../Core/Src/UI/ui_renderer.c:272:13:draw_star	56	static
../Core/Src/UI/ui_renderer.c:285:13:draw_small_star	56	static
../Core/Src/UI/ui_renderer.c:295:13:draw_music_note	48	static
../Core/Src/UI/ui_renderer.c:314:13:draw_bunny	72	static
../Core/Src/UI/ui_renderer.c:359:13:draw_bt_icon	48	static
../Core/Src/UI/ui_renderer.c:373:13:draw_large_bt_icon	48	static
../Core/Src/UI/ui_renderer.c:392:13:draw_large_music_note	40	static
../Core/Src/UI/ui_renderer.c:407:13:draw_clock_icon	48	static
../Core/Src/UI/ui_renderer.c:433:13:draw_vol_bar	40	static
../Core/Src/UI/ui_renderer.c:450:13:draw_scrollbar	40	static
../Core/Src/UI/ui_renderer.c:466:13:draw_centered_str	40	static
../Core/Src/UI/ui_renderer.c:484:13:draw_list	48	static
../Core/Src/UI/ui_renderer.c:517:13:draw_anim_scene	72	static
../Core/Src/UI/ui_renderer.c:565:13:draw_vol_overlay_body	40	static
../Core/Src/UI/ui_renderer.c:627:6:UI_DrawMainScreen	48	static
../Core/Src/UI/ui_renderer.c:677:5:ui_get_menu_icon	4	static
../Core/Src/UI/ui_renderer.c:681:6:UI_DrawMenu	24	static
../Core/Src/UI/ui_renderer.c:733:6:UI_DrawMusicList	32	static
../Core/Src/UI/ui_renderer.c:763:6:UI_DrawPlayDisplay_DF	96	static
../Core/Src/UI/ui_renderer.c:837:6:UI_DrawPlayDisplay_ble	8	static
../Core/Src/UI/ui_renderer.c:869:6:UI_DrawTimeSetup	32	static
../Core/Src/UI/ui_renderer.c:947:6:UI_DrawVolumeUp	8	static
../Core/Src/UI/ui_renderer.c:955:6:UI_DrawVolumeDwn	8	static
../Core/Src/UI/ui_renderer.c:970:6:UI_DrawLightsOverlay	24	static
../Core/Src/UI/ui_renderer.c:1002:6:UI_DrawTimerOverlay	24	static
../Core/Src/UI/ui_renderer.c:1024:6:ui_renderer_update	16	static
