../Core/Src/UI/ui_renderer.c:104:6:live_data_fill	16	static
../Core/Src/UI/ui_renderer.c:161:6:ui_song_list_navigate	24	static
../Core/Src/UI/ui_renderer.c:176:6:ui_menu_navigate	16	static
../Core/Src/UI/ui_renderer.c:181:6:ui_time_setup_next_field	4	static
../Core/Src/UI/ui_renderer.c:186:6:ui_time_setup_adjust	16	static
../Core/Src/UI/ui_renderer.c:196:6:ui_time_setup_seed	16	static
../Core/Src/UI/ui_renderer.c:203:6:ui_time_setup_get	16	static
../Core/Src/UI/ui_renderer.c:209:6:ui_light_navigate	16	static
../Core/Src/UI/ui_renderer.c:214:6:ui_timer_navigate	16	static
../Core/Src/UI/ui_renderer.c:221:5:ui_get_light_mode	4	static
../Core/Src/UI/ui_renderer.c:227:5:ui_get_timer_minutes	4	static
../Core/Src/UI/ui_renderer.c:247:6:ui_nowplaying_set	16	static
../Core/Src/UI/ui_renderer.c:267:6:ui_nowplaying_toggle_pause	4	static
../Core/Src/UI/ui_renderer.c:273:9:ui_get_selected_index	4	static
../Core/Src/UI/ui_renderer.c:291:6:ui_nowplaying_skip	24	static
../Core/Src/UI/ui_renderer.c:310:23:clamp8	16	static
../Core/Src/UI/ui_renderer.c:323:13:draw_star	56	static
../Core/Src/UI/ui_renderer.c:336:13:draw_small_star	56	static
../Core/Src/UI/ui_renderer.c:346:13:draw_music_note	48	static
../Core/Src/UI/ui_renderer.c:365:13:draw_bunny	72	static
../Core/Src/UI/ui_renderer.c:412:13:draw_bt_icon	48	static
../Core/Src/UI/ui_renderer.c:426:13:draw_large_bt_icon	48	static
../Core/Src/UI/ui_renderer.c:445:13:draw_large_music_note	40	static
../Core/Src/UI/ui_renderer.c:460:13:draw_clock_icon	48	static
../Core/Src/UI/ui_renderer.c:486:13:draw_vol_bar	40	static
../Core/Src/UI/ui_renderer.c:503:13:draw_scrollbar	40	static
../Core/Src/UI/ui_renderer.c:519:13:draw_centered_str	40	static
../Core/Src/UI/ui_renderer.c:537:13:draw_list	48	static
../Core/Src/UI/ui_renderer.c:570:13:draw_anim_scene	72	static
../Core/Src/UI/ui_renderer.c:618:13:draw_vol_overlay_body	40	static
../Core/Src/UI/ui_renderer.c:680:6:UI_DrawMainScreen	48	static
../Core/Src/UI/ui_renderer.c:730:5:ui_get_menu_icon	4	static
../Core/Src/UI/ui_renderer.c:734:6:UI_DrawMenu	24	static
../Core/Src/UI/ui_renderer.c:786:6:UI_DrawMusicList	32	static
../Core/Src/UI/ui_renderer.c:816:6:UI_DrawPlayDisplay_DF	96	static
../Core/Src/UI/ui_renderer.c:890:6:UI_DrawPlayDisplay_ble	8	static
../Core/Src/UI/ui_renderer.c:922:6:UI_DrawTimeSetup	32	static
../Core/Src/UI/ui_renderer.c:1000:6:UI_DrawVolumeUp	8	static
../Core/Src/UI/ui_renderer.c:1008:6:UI_DrawVolumeDwn	8	static
../Core/Src/UI/ui_renderer.c:1023:6:UI_DrawLightsOverlay	24	static
../Core/Src/UI/ui_renderer.c:1054:6:UI_DrawTimerOverlay	24	static
../Core/Src/UI/ui_renderer.c:1076:6:ui_renderer_update	16	static
