../Core/Src/UI/ui_renderer.c:105:6:live_data_fill	64	static
../Core/Src/UI/ui_renderer.c:189:6:ui_song_list_navigate	24	static
../Core/Src/UI/ui_renderer.c:205:6:ui_menu_navigate	16	static
../Core/Src/UI/ui_renderer.c:210:6:ui_time_setup_next_field	4	static
../Core/Src/UI/ui_renderer.c:215:6:ui_time_setup_adjust	16	static
../Core/Src/UI/ui_renderer.c:225:6:ui_time_setup_seed	16	static
../Core/Src/UI/ui_renderer.c:232:6:ui_time_setup_get	16	static
../Core/Src/UI/ui_renderer.c:238:6:ui_light_navigate	16	static
../Core/Src/UI/ui_renderer.c:243:6:ui_timer_navigate	16	static
../Core/Src/UI/ui_renderer.c:250:5:ui_get_light_mode	4	static
../Core/Src/UI/ui_renderer.c:256:5:ui_get_timer_minutes	4	static
../Core/Src/UI/ui_renderer.c:266:23:clamp8	16	static
../Core/Src/UI/ui_renderer.c:279:13:draw_star	56	static
../Core/Src/UI/ui_renderer.c:292:13:draw_small_star	56	static
../Core/Src/UI/ui_renderer.c:302:13:draw_music_note	48	static
../Core/Src/UI/ui_renderer.c:321:13:draw_bunny	72	static
../Core/Src/UI/ui_renderer.c:368:13:draw_bt_icon	48	static
../Core/Src/UI/ui_renderer.c:382:13:draw_large_bt_icon	48	static
../Core/Src/UI/ui_renderer.c:401:13:draw_large_music_note	40	static
../Core/Src/UI/ui_renderer.c:416:13:draw_clock_icon	48	static
../Core/Src/UI/ui_renderer.c:442:13:draw_vol_bar	40	static
../Core/Src/UI/ui_renderer.c:459:13:draw_scrollbar	40	static
../Core/Src/UI/ui_renderer.c:475:13:draw_centered_str	40	static
../Core/Src/UI/ui_renderer.c:493:13:draw_list	48	static
../Core/Src/UI/ui_renderer.c:526:13:draw_anim_scene	72	static
../Core/Src/UI/ui_renderer.c:574:13:draw_vol_overlay_body	40	static
../Core/Src/UI/ui_renderer.c:636:6:UI_DrawMainScreen	48	static
../Core/Src/UI/ui_renderer.c:686:5:ui_get_menu_icon	4	static
../Core/Src/UI/ui_renderer.c:690:6:UI_DrawMenu	24	static
../Core/Src/UI/ui_renderer.c:743:6:UI_DrawMusicList	32	static
../Core/Src/UI/ui_renderer.c:779:6:UI_DrawPlayDisplay_DF	112	static
../Core/Src/UI/ui_renderer.c:875:6:UI_DrawPlayDisplay_ble	8	static
../Core/Src/UI/ui_renderer.c:907:6:UI_DrawTimeSetup	32	static
../Core/Src/UI/ui_renderer.c:985:6:UI_DrawVolumeUp	8	static
../Core/Src/UI/ui_renderer.c:993:6:UI_DrawVolumeDwn	8	static
../Core/Src/UI/ui_renderer.c:1008:6:UI_DrawLightsOverlay	24	static
../Core/Src/UI/ui_renderer.c:1039:6:UI_DrawTimerOverlay	24	static
../Core/Src/UI/ui_renderer.c:1061:6:ui_renderer_update	16	static
