../Drivers/OLED/ssd1306.c:12:6:ssd1306_Reset	4	static
../Drivers/OLED/ssd1306.c:17:6:ssd1306_WriteCommand	32	static
../Drivers/OLED/ssd1306.c:23:6:ssd1306_WriteData	24	static
../Drivers/OLED/ssd1306.c:29:6:HAL_I2C_MemTxCpltCallback	24	static,ignoring_inline_asm
../Drivers/OLED/ssd1306.c:79:17:ssd1306_FillBuffer	24	static
../Drivers/OLED/ssd1306.c:89:6:ssd1306_Init	8	static
../Drivers/OLED/ssd1306.c:191:6:ssd1306_Fill	16	static
../Drivers/OLED/ssd1306.c:197:6:ssd1306_UpdateScreen	16	static
../Drivers/OLED/ssd1306.c:218:6:ssd1306_DrawPixel	16	static
../Drivers/OLED/ssd1306.c:238:6:ssd1306_WriteChar	48	static
../Drivers/OLED/ssd1306.c:277:6:ssd1306_WriteString	32	static
../Drivers/OLED/ssd1306.c:291:6:ssd1306_SetCursor	16	static
../Drivers/OLED/ssd1306.c:297:6:ssd1306_Line	48	static
../Drivers/OLED/ssd1306.c:325:6:ssd1306_Polyline	40	static
../Drivers/OLED/ssd1306.c:341:14:ssd1306_DegToRad	16	static
../Drivers/OLED/ssd1306.c:346:17:ssd1306_NormalizeTo0_360	24	static
../Drivers/OLED/ssd1306.c:362:6:ssd1306_DrawArc	64	static
../Drivers/OLED/ssd1306.c:403:6:ssd1306_DrawArcWithRadiusLine	72	static
../Drivers/OLED/ssd1306.c:448:6:ssd1306_DrawCircle	40	static
../Drivers/OLED/ssd1306.c:484:6:ssd1306_FillCircle	48	static
../Drivers/OLED/ssd1306.c:521:6:ssd1306_DrawRectangle	32	static
../Drivers/OLED/ssd1306.c:532:6:ssd1306_FillRectangle	32	static
../Drivers/OLED/ssd1306.c:547:17:ssd1306_InvertRectangle	32	static
../Drivers/OLED/ssd1306.c:579:6:ssd1306_DrawBitmap	24	static
../Drivers/OLED/ssd1306.c:605:6:ssd1306_SetContrast	24	static
../Drivers/OLED/ssd1306.c:611:6:ssd1306_SetDisplayOn	24	static
../Drivers/OLED/ssd1306.c:623:9:ssd1306_GetDisplayOn	4	static
