Archive member included to satisfy reference by file (symbol)

D:/STM32CubeIDE/STM32CubeIDE_2.1.1/STM32CubeIDE/plugins/com.st.stm32cube.ide.mcu.externaltools.gnu-tools-for-stm32.14.3.rel1.win32_1.0.100.202602081740/tools/bin/../lib/gcc/arm-none-eabi/14.3.1/../../../../arm-none-eabi/lib/thumb/v7e-m+fp/hard\libc_nano.a(libc_a-exit.o)
                              D:/STM32CubeIDE/STM32CubeIDE_2.1.1/STM32CubeIDE/plugins/com.st.stm32cube.ide.mcu.externaltools.gnu-tools-for-stm32.14.3.rel1.win32_1.0.100.202602081740/tools/bin/../lib/gcc/arm-none-eabi/14.3.1/../../../../arm-none-eabi/lib/thumb/v7e-m+fp/hard/crt0.o (exit)
D:/STM32CubeIDE/STM32CubeIDE_2.1.1/STM32CubeIDE/plugins/com.st.stm32cube.ide.mcu.externaltools.gnu-tools-for-stm32.14.3.rel1.win32_1.0.100.202602081740/tools/bin/../lib/gcc/arm-none-eabi/14.3.1/../../../../arm-none-eabi/lib/thumb/v7e-m+fp/hard\libc_nano.a(libc_a-findfp.o)
                              ./Middlewares/Third_Party/FreeRTOS/Source/tasks.o (__sf)
D:/STM32CubeIDE/STM32CubeIDE_2.1.1/STM32CubeIDE/plugins/com.st.stm32cube.ide.mcu.externaltools.gnu-tools-for-stm32.14.3.rel1.win32_1.0.100.202602081740/tools/bin/../lib/gcc/arm-none-eabi/14.3.1/../../../../arm-none-eabi/lib/thumb/v7e-m+fp/hard\libc_nano.a(libc_a-fwalk.o)
                              D:/STM32CubeIDE/STM32CubeIDE_2.1.1/STM32CubeIDE/plugins/com.st.stm32cube.ide.mcu.externaltools.gnu-tools-for-stm32.14.3.rel1.win32_1.0.100.202602081740/tools/bin/../lib/gcc/arm-none-eabi/14.3.1/../../../../arm-none-eabi/lib/thumb/v7e-m+fp/hard\libc_nano.a(libc_a-findfp.o) (_fwalk_sglue)
D:/STM32CubeIDE/STM32CubeIDE_2.1.1/STM32CubeIDE/plugins/com.st.stm32cube.ide.mcu.externaltools.gnu-tools-for-stm32.14.3.rel1.win32_1.0.100.202602081740/tools/bin/../lib/gcc/arm-none-eabi/14.3.1/../../../../arm-none-eabi/lib/thumb/v7e-m+fp/hard\libc_nano.a(libc_a-snprintf.o)
                              ./Core/Src/UI/ui_renderer.o (snprintf)
D:/STM32CubeIDE/STM32CubeIDE_2.1.1/STM32CubeIDE/plugins/com.st.stm32cube.ide.mcu.externaltools.gnu-tools-for-stm32.14.3.rel1.win32_1.0.100.202602081740/tools/bin/../lib/gcc/arm-none-eabi/14.3.1/../../../../arm-none-eabi/lib/thumb/v7e-m+fp/hard\libc_nano.a(libc_a-stdio.o)
                              D:/STM32CubeIDE/STM32CubeIDE_2.1.1/STM32CubeIDE/plugins/com.st.stm32cube.ide.mcu.externaltools.gnu-tools-for-stm32.14.3.rel1.win32_1.0.100.202602081740/tools/bin/../lib/gcc/arm-none-eabi/14.3.1/../../../../arm-none-eabi/lib/thumb/v7e-m+fp/hard\libc_nano.a(libc_a-findfp.o) (__sread)
D:/STM32CubeIDE/STM32CubeIDE_2.1.1/STM32CubeIDE/plugins/com.st.stm32cube.ide.mcu.externaltools.gnu-tools-for-stm32.14.3.rel1.win32_1.0.100.202602081740/tools/bin/../lib/gcc/arm-none-eabi/14.3.1/../../../../arm-none-eabi/lib/thumb/v7e-m+fp/hard\libc_nano.a(libc_a-memset.o)
                              D:/STM32CubeIDE/STM32CubeIDE_2.1.1/STM32CubeIDE/plugins/com.st.stm32cube.ide.mcu.externaltools.gnu-tools-for-stm32.14.3.rel1.win32_1.0.100.202602081740/tools/bin/../lib/gcc/arm-none-eabi/14.3.1/../../../../arm-none-eabi/lib/thumb/v7e-m+fp/hard/crt0.o (memset)
D:/STM32CubeIDE/STM32CubeIDE_2.1.1/STM32CubeIDE/plugins/com.st.stm32cube.ide.mcu.externaltools.gnu-tools-for-stm32.14.3.rel1.win32_1.0.100.202602081740/tools/bin/../lib/gcc/arm-none-eabi/14.3.1/../../../../arm-none-eabi/lib/thumb/v7e-m+fp/hard\libc_nano.a(libc_a-closer.o)
                              D:/STM32CubeIDE/STM32CubeIDE_2.1.1/STM32CubeIDE/plugins/com.st.stm32cube.ide.mcu.externaltools.gnu-tools-for-stm32.14.3.rel1.win32_1.0.100.202602081740/tools/bin/../lib/gcc/arm-none-eabi/14.3.1/../../../../arm-none-eabi/lib/thumb/v7e-m+fp/hard\libc_nano.a(libc_a-stdio.o) (_close_r)
D:/STM32CubeIDE/STM32CubeIDE_2.1.1/STM32CubeIDE/plugins/com.st.stm32cube.ide.mcu.externaltools.gnu-tools-for-stm32.14.3.rel1.win32_1.0.100.202602081740/tools/bin/../lib/gcc/arm-none-eabi/14.3.1/../../../../arm-none-eabi/lib/thumb/v7e-m+fp/hard\libc_nano.a(libc_a-reent.o)
                              ./Middlewares/Third_Party/FreeRTOS/Source/tasks.o (_reclaim_reent)
D:/STM32CubeIDE/STM32CubeIDE_2.1.1/STM32CubeIDE/plugins/com.st.stm32cube.ide.mcu.externaltools.gnu-tools-for-stm32.14.3.rel1.win32_1.0.100.202602081740/tools/bin/../lib/gcc/arm-none-eabi/14.3.1/../../../../arm-none-eabi/lib/thumb/v7e-m+fp/hard\libc_nano.a(libc_a-impure.o)
                              ./Middlewares/Third_Party/FreeRTOS/Source/tasks.o (_impure_ptr)
D:/STM32CubeIDE/STM32CubeIDE_2.1.1/STM32CubeIDE/plugins/com.st.stm32cube.ide.mcu.externaltools.gnu-tools-for-stm32.14.3.rel1.win32_1.0.100.202602081740/tools/bin/../lib/gcc/arm-none-eabi/14.3.1/../../../../arm-none-eabi/lib/thumb/v7e-m+fp/hard\libc_nano.a(libc_a-lseekr.o)
                              D:/STM32CubeIDE/STM32CubeIDE_2.1.1/STM32CubeIDE/plugins/com.st.stm32cube.ide.mcu.externaltools.gnu-tools-for-stm32.14.3.rel1.win32_1.0.100.202602081740/tools/bin/../lib/gcc/arm-none-eabi/14.3.1/../../../../arm-none-eabi/lib/thumb/v7e-m+fp/hard\libc_nano.a(libc_a-stdio.o) (_lseek_r)
[...]
Memory Configuration

Name             Origin             Length             Attributes
RAM              0x20000000         0x00040000         xrw
FLASH            0x08000000         0x00080000         xr
*default*        0x00000000         0xffffffff

Linker script and memory map

LOAD D:/STM32CubeIDE/STM32CubeIDE_2.1.1/STM32CubeIDE/plugins/com.st.stm32cube.ide.mcu.externaltools.gnu-tools-for-stm32.14.3.rel1.win32_1.0.100.202602081740/tools/bin/../lib/gcc/arm-none-eabi/14.3.1/thumb/v7e-m+fp/hard/crti.o
LOAD D:/STM32CubeIDE/STM32CubeIDE_2.1.1/STM32CubeIDE/plugins/com.st.stm32cube.ide.mcu.externaltools.gnu-tools-for-stm32.14.3.rel1.win32_1.0.100.202602081740/tools/bin/../lib/gcc/arm-none-eabi/14.3.1/thumb/v7e-m+fp/hard/crtbegin.o
LOAD D:/STM32CubeIDE/STM32CubeIDE_2.1.1/STM32CubeIDE/plugins/com.st.stm32cube.ide.mcu.externaltools.gnu-tools-for-stm32.14.3.rel1.win32_1.0.100.202602081740/tools/bin/../lib/gcc/arm-none-eabi/14.3.1/../../../../arm-none-eabi/lib/thumb/v7e-m+fp/hard/crt0.o
LOAD ./Core/Src/Applications/light_task.o
LOAD ./Core/Src/Applications/music_task.o
LOAD ./Core/Src/Applications/ui_task.o
LOAD ./Core/Src/Drivers/df_player_driver.o
LOAD ./Core/Src/Drivers/gpio_driver.o
LOAD ./Core/Src/Services/light_service.o
LOAD ./Core/Src/Services/music_service.o
LOAD ./Core/Src/Services/sensor_service.o
LOAD ./Core/Src/UI/ui_events.o
LOAD ./Core/Src/UI/ui_renderer.o
LOAD ./Core/Src/UI/ui_state.o
LOAD ./Core/Src/freertos.o
LOAD ./Core/Src/main.o
LOAD ./Core/Src/stm32f4xx_hal_msp.o
LOAD ./Core/Src/stm32f4xx_hal_timebase_tim.o
LOAD ./Core/Src/stm32f4xx_it.o
LOAD ./Core/Src/syscalls.o
LOAD ./Core/Src/sysmem.o
LOAD ./Core/Src/system_stm32f4xx.o
LOAD ./Core/Startup/startup_stm32f412retx.o
LOAD ./Drivers/OLED/ssd1306.o
LOAD ./Drivers/OLED/ssd1306_fonts.o
LOAD ./Drivers/STM32F4xx_HAL_Driver/Src/stm32f4xx_hal.o
LOAD ./Drivers/STM32F4xx_HAL_Driver/Src/stm32f4xx_hal_cortex.o
LOAD ./Drivers/STM32F4xx_HAL_Driver/Src/stm32f4xx_hal_dma.o
LOAD ./Drivers/STM32F4xx_HAL_Driver/Src/stm32f4xx_hal_dma_ex.o
LOAD ./Drivers/STM32F4xx_HAL_Driver/Src/stm32f4xx_hal_exti.o
LOAD ./Drivers/STM32F4xx_HAL_Driver/Src/stm32f4xx_hal_flash.o
LOAD ./Drivers/STM32F4xx_HAL_Driver/Src/stm32f4xx_hal_flash_ex.o
LOAD ./Drivers/STM32F4xx_HAL_Driver/Src/stm32f4xx_hal_flash_ramfunc.o
LOAD ./Drivers/STM32F4xx_HAL_Driver/Src/stm32f4xx_hal_gpio.o
LOAD ./Drivers/STM32F4xx_HAL_Driver/Src/stm32f4xx_hal_i2c.o
LOAD ./Drivers/STM32F4xx_HAL_Driver/Src/stm32f4xx_hal_i2c_ex.o
LOAD ./Drivers/STM32F4xx_HAL_Driver/Src/stm32f4xx_hal_pwr.o
LOAD ./Drivers/STM32F4xx_HAL_Driver/Src/stm32f4xx_hal_pwr_ex.o
LOAD ./Drivers/STM32F4xx_HAL_Driver/Src/stm32f4xx_hal_rcc.o
LOAD ./Drivers/STM32F4xx_HAL_Driver/Src/stm32f4xx_hal_rcc_ex.o
LOAD ./Drivers/STM32F4xx_HAL_Driver/Src/stm32f4xx_hal_tim.o
LOAD ./Drivers/STM32F4xx_HAL_Driver/Src/stm32f4xx_hal_tim_ex.o
LOAD ./Drivers/STM32F4xx_HAL_Driver/Src/stm32f4xx_hal_uart.o
LOAD ./Middlewares/Third_Party/FreeRTOS/Source/CMSIS_RTOS_V2/cmsis_os2.o
LOAD ./Middlewares/Third_Party/FreeRTOS/Source/croutine.o
LOAD ./Middlewares/Third_Party/FreeRTOS/Source/event_groups.o
LOAD ./Middlewares/Third_Party/FreeRTOS/Source/list.o
LOAD ./Middlewares/Third_Party/FreeRTOS/Source/queue.o
LOAD ./Middlewares/Third_Party/FreeRTOS/Source/stream_buffer.o
LOAD ./Middlewares/Third_Party/FreeRTOS/Source/tasks.o
LOAD ./Middlewares/Third_Party/FreeRTOS/Source/timers.o
LOAD ./Middlewares/Third_Party/FreeRTOS/Source/portable/GCC/ARM_CM4F/port.o
LOAD ./Middlewares/Third_Party/FreeRTOS/Source/portable/MemMang/heap_4.o
START GROUP
LOAD D:/STM32CubeIDE/STM32CubeIDE_2.1.1/STM32CubeIDE/plugins/com.st.stm32cube.ide.mcu.externaltools.gnu-tools-for-stm32.14.3.rel1.win32_1.0.100.202602081740/tools/bin/../lib/gcc/arm-none-eabi/14.3.1/../../../../arm-none-eabi/lib/thumb/v7e-m+fp/hard\libc_nano.a
LOAD D:/STM32CubeIDE/STM32CubeIDE_2.1.1/STM32CubeIDE/plugins/com.st.stm32cube.ide.mcu.externaltools.gnu-tools-for-stm32.14.3.rel1.win32_1.0.100.202602081740/tools/bin/../lib/gcc/arm-none-eabi/14.3.1/../../../../arm-none-eabi/lib/thumb/v7e-m+fp/hard\libm.a
END GROUP
START GROUP
LOAD D:/STM32CubeIDE/STM32CubeIDE_2.1.1/STM32CubeIDE/plugins/com.st.stm32cube.ide.mcu.externaltools.gnu-tools-for-stm32.14.3.rel1.win32_1.0.100.202602081740/tools/bin/../lib/gcc/arm-none-eabi/14.3.1/thumb/v7e-m+fp/hard\libgcc.a
LOAD D:/STM32CubeIDE/STM32CubeIDE_2.1.1/STM32CubeIDE/plugins/com.st.stm32cube.ide.mcu.externaltools.gnu-tools-for-stm32.14.3.rel1.win32_1.0.100.202602081740/tools/bin/../lib/gcc/arm-none-eabi/14.3.1/../../../../arm-none-eabi/lib/thumb/v7e-m+fp/hard\libc_nano.a
END GROUP
START GROUP
LOAD D:/STM32CubeIDE/STM32CubeIDE_2.1.1/STM32CubeIDE/plugins/com.st.stm32cube.ide.mcu.externaltools.gnu-tools-for-stm32.14.3.rel1.win32_1.0.100.202602081740/tools/bin/../lib/gcc/arm-none-eabi/14.3.1/thumb/v7e-m+fp/hard\libgcc.a
LOAD D:/STM32CubeIDE/STM32CubeIDE_2.1.1/STM32CubeIDE/plugins/com.st.stm32cube.ide.mcu.externaltools.gnu-tools-for-stm32.14.3.rel1.win32_1.0.100.202602081740/tools/bin/../lib/gcc/arm-none-eabi/14.3.1/../../../../arm-none-eabi/lib/thumb/v7e-m+fp/hard\libc_nano.a
LOAD D:/STM32CubeIDE/STM32CubeIDE_2.1.1/STM32CubeIDE/plugins/com.st.stm32cube.ide.mcu.externaltools.gnu-tools-for-stm32.14.3.rel1.win32_1.0.100.202602081740/tools/bin/../lib/gcc/arm-none-eabi/14.3.1/../../../../arm-none-eabi/lib/thumb/v7e-m+fp/hard\libnosys.a
END GROUP
START GROUP
LOAD D:/STM32CubeIDE/STM32CubeIDE_2.1.1/STM32CubeIDE/plugins/com.st.stm32cube.ide.mcu.externaltools.gnu-tools-for-stm32.14.3.rel1.win32_1.0.100.202602081740/tools/bin/../lib/gcc/arm-none-eabi/14.3.1/thumb/v7e-m+fp/hard\libgcc.a
LOAD D:/STM32CubeIDE/STM32CubeIDE_2.1.1/STM32CubeIDE/plugins/com.st.stm32cube.ide.mcu.externaltools.gnu-tools-for-stm32.14.3.rel1.win32_1.0.100.202602081740/tools/bin/../lib/gcc/arm-none-eabi/14.3.1/../../../../arm-none-eabi/lib/thumb/v7e-m+fp/hard\libc_nano.a
LOAD D:/STM32CubeIDE/STM32CubeIDE_2.1.1/STM32CubeIDE/plugins/com.st.stm32cube.ide.mcu.externaltools.gnu-tools-for-stm32.14.3.rel1.win32_1.0.100.202602081740/tools/bin/../lib/gcc/arm-none-eabi/14.3.1/../../../../arm-none-eabi/lib/thumb/v7e-m+fp/hard\libnosys.a
END GROUP
LOAD D:/STM32CubeIDE/STM32CubeIDE_2.1.1/STM32CubeIDE/plugins/com.st.stm32cube.ide.mcu.externaltools.gnu-tools-for-stm32.14.3.rel1.win32_1.0.100.202602081740/tools/bin/../lib/gcc/arm-none-eabi/14.3.1/thumb/v7e-m+fp/hard/crtend.o
LOAD D:/STM32CubeIDE/STM32CubeIDE_2.1.1/STM32CubeIDE/plugins/com.st.stm32cube.ide.mcu.externaltools.gnu-tools-for-stm32.14.3.rel1.win32_1.0.100.202602081740/tools/bin/../lib/gcc/arm-none-eabi/14.3.1/thumb/v7e-m+fp/hard/crtn.o
                0x20040000                        _estack = (ORIGIN (RAM) + LENGTH (RAM))
                0x00000200                        _Min_Heap_Size = 0x200
                0x00000400                        _Min_Stack_Size = 0x400

.isr_vector     0x08000000      0x1c4
                0x08000000                        . = ALIGN (0x4)
 *(.isr_vector)
 .isr_vector    0x08000000      0x1c4 ./Core/Startup/startup_stm32f412retx.o
                0x08000000                g_pfnVectors
                0x080001c4                        . = ALIGN (0x4)

.text           0x080001d0     0xc704
                0x080001d0                        . = ALIGN (0x4)
 *(.text)
 .text          0x080001d0       0x40 D:/STM32CubeIDE/STM32CubeIDE_2.1.1/STM32CubeIDE/plugins/com.st.stm32cube.ide.mcu.externaltools.gnu-tools-for-stm32.14.3.rel1.win32_1.0.100.202602081740/tools/bin/../lib/gcc/arm-none-eabi/14.3.1/thumb/v7e-m+fp/hard/crtbegin.o
 .text          0x08000210       0x10 D:/STM32CubeIDE/STM32CubeIDE_2.1.1/STM32CubeIDE/plugins/com.st.stm32cube.ide.mcu.externaltools.gnu-tools-for-stm32.14.3.rel1.win32_1.0.100.202602081740/tools/bin/../lib/gcc/arm-none-eabi/14.3.1/../../../../arm-none-eabi/lib/thumb/v7e-m+fp/hard\libc_nano.a(libc_a-strlen.o)
                0x08000210                strlen
 .text          0x08000220       0xa0 D:/STM32CubeIDE/STM32CubeIDE_2.1.1/STM32CubeIDE/plugins/com.st.stm32cube.ide.mcu.externaltools.gnu-tools-for-stm32.14.3.rel1.win32_1.0.100.202602081740/tools/bin/../lib/gcc/arm-none-eabi/14.3.1/../../../../arm-none-eabi/lib/thumb/v7e-m+fp/hard\libc_nano.a(libc_a-memchr.o)
                0x08000220                memchr
 .text          0x080002c0       0x30 D:/STM32CubeIDE/STM32CubeIDE_2.1.1/STM32CubeIDE/plugins/com.st.stm32cube.ide.mcu.externaltools.gnu-tools-for-stm32.14.3.rel1.win32_1.0.100.202602081740/tools/bin/../lib/gcc/arm-none-eabi/14.3.1/thumb/v7e-m+fp/hard\libgcc.a(_aeabi_uldivmod.o)
                0x080002c0                __aeabi_uldivmod
 .text          0x080002f0      0x2f8 D:/STM32CubeIDE/STM32CubeIDE_2.1.1/STM32CubeIDE/plugins/com.st.stm32cube.ide.mcu.externaltools.gnu-tools-for-stm32.14.3.rel1.win32_1.0.100.202602081740/tools/bin/../lib/gcc/arm-none-eabi/14.3.1/thumb/v7e-m+fp/hard\libgcc.a(_udivmoddi4.o)
                0x080002f0                __udivmoddi4
 .text          0x080005e8        0x4 D:/STM32CubeIDE/STM32CubeIDE_2.1.1/STM32CubeIDE/plugins/com.st.stm32cube.ide.mcu.externaltools.gnu-tools-for-stm32.14.3.rel1.win32_1.0.100.202602081740/tools/bin/../lib/gcc/arm-none-eabi/14.3.1/thumb/v7e-m+fp/hard\libgcc.a(_dvmd_tls.o)
                0x080005e8                __aeabi_idiv0
                0x080005e8                __aeabi_ldiv0
 *(.text*)
 .text.light_Task
                0x080005ec        0xc ./Core/Src/Applications/light_task.o
                0x080005ec                light_Task
 .text.music_Task
                0x080005f8        0xc ./Core/Src/Applications/music_task.o
                0x080005f8                music_Task
 .text.HAL_GPIO_EXTI_Callback
                0x08000604      0x12c ./Core/Src/Applications/ui_task.o
                0x08000604                HAL_GPIO_EXTI_Callback
 .text.ui_Task  0x08000730      0x164 ./Core/Src/Applications/ui_task.o
                0x08000730                ui_Task
 .text.HAL_UART_TxCpltCallback
                0x08000894       0x2c ./Core/Src/Drivers/df_player_driver.o
                0x08000894                HAL_UART_TxCpltCallback
 .text.is_empty
                0x080008c0       0x20 ./Core/Src/Drivers/df_player_driver.o
                0x080008c0                is_empty
 .text.dequeue  0x080008e0       0x68 ./Core/Src/Drivers/df_player_driver.o
                0x080008e0                dequeue
 .text.df_build_packet
                0x08000948       0xb4 ./Core/Src/Drivers/df_player_driver.o
                0x08000948                df_build_packet
 .text.uart_tx  0x080009fc       0x20 ./Core/Src/Drivers/df_player_driver.o
                0x080009fc                uart_tx
 .text.df_try_start_tx
                0x08000a1c       0x54 ./Core/Src/Drivers/df_player_driver.o
                0x08000a1c                df_try_start_tx
 .text.clamp8   0x08000a70       0x2c ./Core/Src/UI/ui_renderer.o
 .text.draw_star
                0x08000a9c       0x8c ./Core/Src/UI/ui_renderer.o
 .text.draw_small_star
                0x08000b28       0x8c ./Core/Src/UI/ui_renderer.o
 .text.draw_music_note
                0x08000bb4       0xde ./Core/Src/UI/ui_renderer.o
 .text.draw_bunny
                0x08000c92      0x3dc ./Core/Src/UI/ui_renderer.o
 .text.draw_bt_icon
                0x0800106e      0x1fa ./Core/Src/UI/ui_renderer.o
 .text.draw_large_bt_icon
                0x08001268      0x202 ./Core/Src/UI/ui_renderer.o
 .text.draw_large_music_note
                0x0800146a      0x12e ./Core/Src/UI/ui_renderer.o
 .text.draw_clock_icon
                0x08001598      0x204 ./Core/Src/UI/ui_renderer.o
 .text.draw_vol_bar
                0x0800179c       0xa0 ./Core/Src/UI/ui_renderer.o
 .text.draw_scrollbar
                0x0800183c       0xa2 ./Core/Src/UI/ui_renderer.o
 .text.draw_centered_str
                0x080018de       0x60 ./Core/Src/UI/ui_renderer.o
 *fill*         0x0800193e        0x2 
 .text.draw_list
                0x08001940       0xf4 ./Core/Src/UI/ui_renderer.o
 .text.draw_anim_scene
                0x08001a34      0x194 ./Core/Src/UI/ui_renderer.o
 .text.draw_vol_overlay_body
                0x08001bc8      0x138 ./Core/Src/UI/ui_renderer.o
 .text.UI_DrawMainScreen
                0x08001d00       0xe4 ./Core/Src/UI/ui_renderer.o
                0x08001d00                UI_DrawMainScreen
 .text.UI_DrawMenu
                0x08001de4      0x124 ./Core/Src/UI/ui_renderer.o
                0x08001de4                UI_DrawMenu
 .text.UI_DrawMusicList
                0x08001f08       0xa0 ./Core/Src/UI/ui_renderer.o
                0x08001f08                UI_DrawMusicList
 .text.UI_DrawPlayDisplay_DF
                0x08001fa8      0x2e8 ./Core/Src/UI/ui_renderer.o
                0x08001fa8                UI_DrawPlayDisplay_DF
 .text.UI_DrawPlayDisplay_ble
                0x08002290       0x16 ./Core/Src/UI/ui_renderer.o
                0x08002290                UI_DrawPlayDisplay_ble
 *fill*         0x080022a6        0x2 
 .text.UI_DrawTimeSetup
                0x080022a8      0x1d4 ./Core/Src/UI/ui_renderer.o
                0x080022a8                UI_DrawTimeSetup
 .text.UI_DrawVolumeUp
                0x0800247c        0xe ./Core/Src/UI/ui_renderer.o
                0x0800247c                UI_DrawVolumeUp
 .text.UI_DrawVolumeDwn
                0x0800248a       0x10 ./Core/Src/UI/ui_renderer.o
                0x0800248a                UI_DrawVolumeDwn
 *fill*         0x0800249a        0x2 
 .text.UI_DrawLightsOverlay
                0x0800249c       0xac ./Core/Src/UI/ui_renderer.o
                0x0800249c                UI_DrawLightsOverlay
 .text.UI_DrawTimerOverlay
                0x08002548       0xa4 ./Core/Src/UI/ui_renderer.o
                0x08002548                UI_DrawTimerOverlay
 .text.ui_renderer_update
                0x080025ec       0xd8 ./Core/Src/UI/ui_renderer.o
                0x080025ec                ui_renderer_update
 .text.__NVIC_SystemReset
                0x080026c4       0x2c ./Core/Src/main.o
 .text.createTasks
                0x080026f0       0x88 ./Core/Src/main.o
                0x080026f0                createTasks
 .text.main     0x08002778       0xc0 ./Core/Src/main.o
                0x08002778                main
 .text.SystemClock_Config
                0x08002838       0xd4 ./Core/Src/main.o
                0x08002838                SystemClock_Config
 .text.MX_I2C1_Init
                0x0800290c       0x5c ./Core/Src/main.o
 .text.MX_TIM1_Init
                0x08002968      0x108 ./Core/Src/main.o
 .text.MX_USART1_UART_Init
                0x08002a70       0x54 ./Core/Src/main.o
 .text.MX_DMA_Init
                0x08002ac4       0x7c ./Core/Src/main.o
 .text.MX_GPIO_Init
                0x08002b40      0x164 ./Core/Src/main.o
 .text.StartDefaultTask
                0x08002ca4       0x10 ./Core/Src/main.o
                0x08002ca4                StartDefaultTask
 .text.HAL_TIM_PeriodElapsedCallback
                0x08002cb4       0x24 ./Core/Src/main.o
                0x08002cb4                HAL_TIM_PeriodElapsedCallback
 .text.Error_Handler
                0x08002cd8        0xc ./Core/Src/main.o
                0x08002cd8                Error_Handler
 .text.HAL_MspInit
                0x08002ce4       0x58 ./Core/Src/stm32f4xx_hal_msp.o
                0x08002ce4                HAL_MspInit
 .text.HAL_I2C_MspInit
                0x08002d3c       0xf0 ./Core/Src/stm32f4xx_hal_msp.o
                0x08002d3c                HAL_I2C_MspInit
 .text.HAL_TIM_PWM_MspInit
                0x08002e2c       0xb8 ./Core/Src/stm32f4xx_hal_msp.o
                0x08002e2c                HAL_TIM_PWM_MspInit
 .text.HAL_TIM_MspPostInit
                0x08002ee4       0x74 ./Core/Src/stm32f4xx_hal_msp.o
                0x08002ee4                HAL_TIM_MspPostInit
 .text.HAL_UART_MspInit
                0x08002f58      0x104 ./Core/Src/stm32f4xx_hal_msp.o
                0x08002f58                HAL_UART_MspInit
 .text.HAL_InitTick
                0x0800305c       0xe4 ./Core/Src/stm32f4xx_hal_timebase_tim.o
                0x0800305c                HAL_InitTick
 .text.NMI_Handler
                0x08003140        0x8 ./Core/Src/stm32f4xx_it.o
                0x08003140                NMI_Handler
 .text.HardFault_Handler
                0x08003148        0x8 ./Core/Src/stm32f4xx_it.o
                0x08003148                HardFault_Handler
 .text.MemManage_Handler
                0x08003150        0x8 ./Core/Src/stm32f4xx_it.o
                0x08003150                MemManage_Handler
 .text.BusFault_Handler
                0x08003158        0x8 ./Core/Src/stm32f4xx_it.o
                0x08003158                BusFault_Handler
 .text.UsageFault_Handler
                0x08003160        0x8 ./Core/Src/stm32f4xx_it.o
                0x08003160                UsageFault_Handler
 .text.DebugMon_Handler
                0x08003168        0xe ./Core/Src/stm32f4xx_it.o
                0x08003168                DebugMon_Handler
 .text.EXTI2_IRQHandler
                0x08003176        0xe ./Core/Src/stm32f4xx_it.o
                0x08003176                EXTI2_IRQHandler
 .text.EXTI3_IRQHandler
                0x08003184        0xe ./Core/Src/stm32f4xx_it.o
                0x08003184                EXTI3_IRQHandler
 .text.EXTI4_IRQHandler
                0x08003192        0xe ./Core/Src/stm32f4xx_it.o
                0x08003192                EXTI4_IRQHandler
 .text.DMA1_Stream1_IRQHandler
                0x080031a0       0x14 ./Core/Src/stm32f4xx_it.o
                0x080031a0                DMA1_Stream1_IRQHandler
 .text.EXTI9_5_IRQHandler
                0x080031b4        0xe ./Core/Src/stm32f4xx_it.o
                0x080031b4                EXTI9_5_IRQHandler
 *fill*         0x080031c2        0x2 
 .text.TIM1_TRG_COM_TIM11_IRQHandler
                0x080031c4       0x1c ./Core/Src/stm32f4xx_it.o
                0x080031c4                TIM1_TRG_COM_TIM11_IRQHandler
 .text.USART1_IRQHandler
                0x080031e0       0x14 ./Core/Src/stm32f4xx_it.o
                0x080031e0                USART1_IRQHandler
 .text.EXTI15_10_IRQHandler
                0x080031f4       0x28 ./Core/Src/stm32f4xx_it.o
                0x080031f4                EXTI15_10_IRQHandler
 .text.DMA2_Stream1_IRQHandler
                0x0800321c       0x14 ./Core/Src/stm32f4xx_it.o
                0x0800321c                DMA2_Stream1_IRQHandler
 .text.DMA2_Stream7_IRQHandler
                0x08003230       0x14 ./Core/Src/stm32f4xx_it.o
                0x08003230                DMA2_Stream7_IRQHandler
 .text._sbrk    0x08003244       0x6c ./Core/Src/sysmem.o
                0x08003244                _sbrk
 .text.SystemInit
                0x080032b0       0x24 ./Core/Src/system_stm32f4xx.o
                0x080032b0                SystemInit
 .text.Reset_Handler
                0x080032d4       0x50 ./Core/Startup/startup_stm32f412retx.o
                0x080032d4                Reset_Handler
 .text.Default_Handler
                0x08003324        0x2 ./Core/Startup/startup_stm32f412retx.o
                0x08003324                RTC_Alarm_IRQHandler
                0x08003324                TIM8_CC_IRQHandler
                0x08003324                FMPI2C1_EV_IRQHandler
                0x08003324                SPI4_IRQHandler
                0x08003324                TIM1_CC_IRQHandler
                0x08003324                DMA2_Stream5_IRQHandler
                0x08003324                DMA1_Stream5_IRQHandler
                0x08003324                TIM6_IRQHandler
                0x08003324                PVD_IRQHandler
                0x08003324                SDIO_IRQHandler
                0x08003324                TAMP_STAMP_IRQHandler
                0x08003324                CAN2_RX1_IRQHandler
                0x08003324                TIM8_TRG_COM_TIM14_IRQHandler
                0x08003324                DFSDM1_FLT1_IRQHandler
                0x08003324                TIM1_UP_TIM10_IRQHandler
                0x08003324                TIM8_UP_TIM13_IRQHandler
                0x08003324                I2C3_ER_IRQHandler
                0x08003324                EXTI0_IRQHandler
                0x08003324                I2C2_EV_IRQHandler
                0x08003324                DMA1_Stream2_IRQHandler
                0x08003324                CAN1_RX0_IRQHandler
                0x08003324                FPU_IRQHandler
                0x08003324                CAN2_SCE_IRQHandler
                0x08003324                DMA2_Stream2_IRQHandler
                0x08003324                SPI1_IRQHandler
                0x08003324                TIM1_BRK_TIM9_IRQHandler
                0x08003324                CAN2_RX0_IRQHandler
                0x08003324                DMA2_Stream3_IRQHandler
                0x08003324                USART6_IRQHandler
                0x08003324                USART3_IRQHandler
                0x08003324                CAN1_RX1_IRQHandler
                0x08003324                DMA2_Stream0_IRQHandler
                0x08003324                TIM4_IRQHandler
                0x08003324                QUADSPI_IRQHandler
                0x08003324                I2C1_EV_IRQHandler
                0x08003324                DMA1_Stream6_IRQHandler
                0x08003324                TIM3_IRQHandler
                0x08003324                RCC_IRQHandler
                0x08003324                TIM8_BRK_TIM12_IRQHandler
                0x08003324                Default_Handler
                0x08003324                ADC_IRQHandler
                0x08003324                DMA1_Stream7_IRQHandler
                0x08003324                SPI5_IRQHandler
                0x08003324                TIM7_IRQHandler
                0x08003324                CAN2_TX_IRQHandler
                0x08003324                TIM5_IRQHandler
                0x08003324                I2C3_EV_IRQHandler
                0x08003324                RTC_WKUP_IRQHandler
                0x08003324                SPI2_IRQHandler
                0x08003324                DMA1_Stream0_IRQHandler
                0x08003324                CAN1_TX_IRQHandler
                0x08003324                FMPI2C1_ER_IRQHandler
                0x08003324                RNG_IRQHandler
                0x08003324                WWDG_IRQHandler
                0x08003324                TIM2_IRQHandler
                0x08003324                OTG_FS_WKUP_IRQHandler
                0x08003324                EXTI1_IRQHandler
                0x08003324                USART2_IRQHandler
                0x08003324                DFSDM1_FLT0_IRQHandler
                0x08003324                I2C2_ER_IRQHandler
                0x08003324                CAN1_SCE_IRQHandler
                0x08003324                FLASH_IRQHandler
                0x08003324                DMA2_Stream4_IRQHandler
                0x08003324                OTG_FS_IRQHandler
                0x08003324                SPI3_IRQHandler
                0x08003324                DMA1_Stream4_IRQHandler
                0x08003324                I2C1_ER_IRQHandler
                0x08003324                DMA2_Stream6_IRQHandler
                0x08003324                DMA1_Stream3_IRQHandler
 *fill*         0x08003326        0x2 
 .text.ssd1306_WriteCommand
                0x08003328       0x30 ./Drivers/OLED/ssd1306.o
                0x08003328                ssd1306_WriteCommand
 .text.ssd1306_WriteData
                0x08003358       0x40 ./Drivers/OLED/ssd1306.o
                0x08003358                ssd1306_WriteData
 .text.ssd1306_Fill
                0x08003398       0x30 ./Drivers/OLED/ssd1306.o
                0x08003398                ssd1306_Fill
 .text.ssd1306_UpdateScreen
                0x080033c8       0x50 ./Drivers/OLED/ssd1306.o
                0x080033c8                ssd1306_UpdateScreen
 .text.ssd1306_DrawPixel
                0x08003418       0xa8 ./Drivers/OLED/ssd1306.o
                0x08003418                ssd1306_DrawPixel
 .text.ssd1306_WriteChar
                0x080034c0      0x124 ./Drivers/OLED/ssd1306.o
                0x080034c0                ssd1306_WriteChar
 .text.ssd1306_WriteString
                0x080035e4       0x4c ./Drivers/OLED/ssd1306.o
                0x080035e4                ssd1306_WriteString
 .text.ssd1306_SetCursor
                0x08003630       0x30 ./Drivers/OLED/ssd1306.o
                0x08003630                ssd1306_SetCursor
 .text.ssd1306_Line
                0x08003660       0xd8 ./Drivers/OLED/ssd1306.o
                0x08003660                ssd1306_Line
 .text.ssd1306_Polyline
                0x08003738       0x74 ./Drivers/OLED/ssd1306.o
                0x08003738                ssd1306_Polyline
 .text.ssd1306_DegToRad
                0x080037ac       0x28 ./Drivers/OLED/ssd1306.o
 .text.ssd1306_NormalizeTo0_360
                0x080037d4       0x54 ./Drivers/OLED/ssd1306.o
 .text.ssd1306_DrawArc
                0x08003828      0x1d0 ./Drivers/OLED/ssd1306.o
                0x08003828                ssd1306_DrawArc
 .text.ssd1306_DrawCircle
                0x080039f8      0x110 ./Drivers/OLED/ssd1306.o
                0x080039f8                ssd1306_DrawCircle
 .text.ssd1306_FillCircle
                0x08003b08       0xe8 ./Drivers/OLED/ssd1306.o
                0x08003b08                ssd1306_FillCircle
 .text.ssd1306_DrawRectangle
                0x08003bf0       0x6e ./Drivers/OLED/ssd1306.o
                0x08003bf0                ssd1306_DrawRectangle
 .text.ssd1306_FillRectangle
                0x08003c5e       0x9e ./Drivers/OLED/ssd1306.o
                0x08003c5e                ssd1306_FillRectangle
 .text.HAL_Init
                0x08003cfc       0x44 ./Drivers/STM32F4xx_HAL_Driver/Src/stm32f4xx_hal.o
                0x08003cfc                HAL_Init
 .text.HAL_IncTick
                0x08003d40       0x28 ./Drivers/STM32F4xx_HAL_Driver/Src/stm32f4xx_hal.o
                0x08003d40                HAL_IncTick
 .text.HAL_GetTick
                0x08003d68       0x18 ./Drivers/STM32F4xx_HAL_Driver/Src/stm32f4xx_hal.o
                0x08003d68                HAL_GetTick
 .text.HAL_Delay
                0x08003d80       0x48 ./Drivers/STM32F4xx_HAL_Driver/Src/stm32f4xx_hal.o
                0x08003d80                HAL_Delay
 .text.__NVIC_SetPriorityGrouping
                0x08003dc8       0x48 ./Drivers/STM32F4xx_HAL_Driver/Src/stm32f4xx_hal_cortex.o
 .text.__NVIC_GetPriorityGrouping
                0x08003e10       0x1c ./Drivers/STM32F4xx_HAL_Driver/Src/stm32f4xx_hal_cortex.o
 .text.__NVIC_EnableIRQ
                0x08003e2c       0x3c ./Drivers/STM32F4xx_HAL_Driver/Src/stm32f4xx_hal_cortex.o
 .text.__NVIC_SetPriority
                0x08003e68       0x54 ./Drivers/STM32F4xx_HAL_Driver/Src/stm32f4xx_hal_cortex.o
 .text.NVIC_EncodePriority
                0x08003ebc       0x66 ./Drivers/STM32F4xx_HAL_Driver/Src/stm32f4xx_hal_cortex.o
 .text.HAL_NVIC_SetPriorityGrouping
                0x08003f22       0x16 ./Drivers/STM32F4xx_HAL_Driver/Src/stm32f4xx_hal_cortex.o
                0x08003f22                HAL_NVIC_SetPriorityGrouping
 .text.HAL_NVIC_SetPriority
                0x08003f38       0x38 ./Drivers/STM32F4xx_HAL_Driver/Src/stm32f4xx_hal_cortex.o
                0x08003f38                HAL_NVIC_SetPriority
 .text.HAL_NVIC_EnableIRQ
                0x08003f70       0x1c ./Drivers/STM32F4xx_HAL_Driver/Src/stm32f4xx_hal_cortex.o
                0x08003f70                HAL_NVIC_EnableIRQ
 .text.HAL_DMA_Init
                0x08003f8c      0x15c ./Drivers/STM32F4xx_HAL_Driver/Src/stm32f4xx_hal_dma.o
                0x08003f8c                HAL_DMA_Init
 .text.HAL_DMA_Start_IT
                0x080040e8       0xb0 ./Drivers/STM32F4xx_HAL_Driver/Src/stm32f4xx_hal_dma.o
                0x080040e8                HAL_DMA_Start_IT
 .text.HAL_DMA_Abort
                0x08004198       0xe0 ./Drivers/STM32F4xx_HAL_Driver/Src/stm32f4xx_hal_dma.o
                0x08004198                HAL_DMA_Abort
 .text.HAL_DMA_Abort_IT
                0x08004278       0x44 ./Drivers/STM32F4xx_HAL_Driver/Src/stm32f4xx_hal_dma.o
                0x08004278                HAL_DMA_Abort_IT
 .text.HAL_DMA_IRQHandler
                0x080042bc      0x314 ./Drivers/STM32F4xx_HAL_Driver/Src/stm32f4xx_hal_dma.o
                0x080042bc                HAL_DMA_IRQHandler
 .text.HAL_DMA_GetError
                0x080045d0       0x18 ./Drivers/STM32F4xx_HAL_Driver/Src/stm32f4xx_hal_dma.o
                0x080045d0                HAL_DMA_GetError
 .text.DMA_SetConfig
                0x080045e8       0x5c ./Drivers/STM32F4xx_HAL_Driver/Src/stm32f4xx_hal_dma.o
 .text.DMA_CalcBaseAndBitshift
                0x08004644       0x6c ./Drivers/STM32F4xx_HAL_Driver/Src/stm32f4xx_hal_dma.o
 .text.DMA_CheckFifoParam
                0x080046b0       0xf8 ./Drivers/STM32F4xx_HAL_Driver/Src/stm32f4xx_hal_dma.o
 .text.HAL_GPIO_Init
                0x080047a8      0x2f8 ./Drivers/STM32F4xx_HAL_Driver/Src/stm32f4xx_hal_gpio.o
                0x080047a8                HAL_GPIO_Init
 .text.HAL_GPIO_WritePin
                0x08004aa0       0x32 ./Drivers/STM32F4xx_HAL_Driver/Src/stm32f4xx_hal_gpio.o
                0x08004aa0                HAL_GPIO_WritePin
 .text.HAL_GPIO_TogglePin
                0x08004ad2       0x34 ./Drivers/STM32F4xx_HAL_Driver/Src/stm32f4xx_hal_gpio.o
                0x08004ad2                HAL_GPIO_TogglePin
 *fill*         0x08004b06        0x2 
 .text.HAL_GPIO_EXTI_IRQHandler
                0x08004b08       0x30 ./Drivers/STM32F4xx_HAL_Driver/Src/stm32f4xx_hal_gpio.o
                0x08004b08                HAL_GPIO_EXTI_IRQHandler
 .text.HAL_I2C_Init
                0x08004b38      0x288 ./Drivers/STM32F4xx_HAL_Driver/Src/stm32f4xx_hal_i2c.o
                0x08004b38                HAL_I2C_Init
 .text.HAL_I2C_Mem_Write
                0x08004dc0      0x1f4 ./Drivers/STM32F4xx_HAL_Driver/Src/stm32f4xx_hal_i2c.o
                0x08004dc0                HAL_I2C_Mem_Write
 .text.HAL_I2C_Mem_Write_DMA
                0x08004fb4      0x2bc ./Drivers/STM32F4xx_HAL_Driver/Src/stm32f4xx_hal_i2c.o
                0x08004fb4                HAL_I2C_Mem_Write_DMA
 .text.HAL_I2C_MasterRxCpltCallback
                0x08005270       0x14 ./Drivers/STM32F4xx_HAL_Driver/Src/stm32f4xx_hal_i2c.o
                0x08005270                HAL_I2C_MasterRxCpltCallback
 .text.HAL_I2C_SlaveTxCpltCallback
                0x08005284       0x14 ./Drivers/STM32F4xx_HAL_Driver/Src/stm32f4xx_hal_i2c.o
                0x08005284                HAL_I2C_SlaveTxCpltCallback
 .text.HAL_I2C_SlaveRxCpltCallback
                0x08005298       0x14 ./Drivers/STM32F4xx_HAL_Driver/Src/stm32f4xx_hal_i2c.o
                0x08005298                HAL_I2C_SlaveRxCpltCallback
 .text.HAL_I2C_MemRxCpltCallback
                0x080052ac       0x14 ./Drivers/STM32F4xx_HAL_Driver/Src/stm32f4xx_hal_i2c.o
                0x080052ac                HAL_I2C_MemRxCpltCallback
 .text.HAL_I2C_ErrorCallback
                0x080052c0       0x14 ./Drivers/STM32F4xx_HAL_Driver/Src/stm32f4xx_hal_i2c.o
                0x080052c0                HAL_I2C_ErrorCallback
 .text.I2C_RequestMemoryWrite
                0x080052d4      0x12c ./Drivers/STM32F4xx_HAL_Driver/Src/stm32f4xx_hal_i2c.o
 .text.I2C_DMAXferCplt
                0x08005400      0x1be ./Drivers/STM32F4xx_HAL_Driver/Src/stm32f4xx_hal_i2c.o
 .text.I2C_DMAError
                0x080055be       0x7a ./Drivers/STM32F4xx_HAL_Driver/Src/stm32f4xx_hal_i2c.o
 .text.I2C_WaitOnFlagUntilTimeout
                0x08005638       0xf4 ./Drivers/STM32F4xx_HAL_Driver/Src/stm32f4xx_hal_i2c.o
 .text.I2C_WaitOnMasterAddressFlagUntilTimeout
                0x0800572c      0x140 ./Drivers/STM32F4xx_HAL_Driver/Src/stm32f4xx_hal_i2c.o
 .text.I2C_WaitOnTXEFlagUntilTimeout
                0x0800586c       0x90 ./Drivers/STM32F4xx_HAL_Driver/Src/stm32f4xx_hal_i2c.o
 .text.I2C_WaitOnBTFFlagUntilTimeout
                0x080058fc       0x90 ./Drivers/STM32F4xx_HAL_Driver/Src/stm32f4xx_hal_i2c.o
 .text.I2C_IsAcknowledgeFailed
                0x0800598c       0x5e ./Drivers/STM32F4xx_HAL_Driver/Src/stm32f4xx_hal_i2c.o
 *fill*         0x080059ea        0x2 
 .text.HAL_RCC_ClockConfig
                0x080059ec      0x1cc ./Drivers/STM32F4xx_HAL_Driver/Src/stm32f4xx_hal_rcc.o
                0x080059ec                HAL_RCC_ClockConfig
 .text.HAL_RCC_GetSysClockFreq
                0x08005bb8      0x20c ./Drivers/STM32F4xx_HAL_Driver/Src/stm32f4xx_hal_rcc.o
                0x08005bb8                HAL_RCC_GetSysClockFreq
 .text.HAL_RCC_GetHCLKFreq
                0x08005dc4       0x18 ./Drivers/STM32F4xx_HAL_Driver/Src/stm32f4xx_hal_rcc.o
                0x08005dc4                HAL_RCC_GetHCLKFreq
 .text.HAL_RCC_GetPCLK1Freq
                0x08005ddc       0x28 ./Drivers/STM32F4xx_HAL_Driver/Src/stm32f4xx_hal_rcc.o
                0x08005ddc                HAL_RCC_GetPCLK1Freq
 .text.HAL_RCC_GetPCLK2Freq
                0x08005e04       0x28 ./Drivers/STM32F4xx_HAL_Driver/Src/stm32f4xx_hal_rcc.o
                0x08005e04                HAL_RCC_GetPCLK2Freq
 .text.HAL_RCC_GetClockConfig
                0x08005e2c       0x64 ./Drivers/STM32F4xx_HAL_Driver/Src/stm32f4xx_hal_rcc.o
                0x08005e2c                HAL_RCC_GetClockConfig
 .text.HAL_RCC_OscConfig
                0x08005e90      0x508 ./Drivers/STM32F4xx_HAL_Driver/Src/stm32f4xx_hal_rcc_ex.o
                0x08005e90                HAL_RCC_OscConfig
 .text.HAL_TIM_Base_Init
                0x08006398       0x9e ./Drivers/STM32F4xx_HAL_Driver/Src/stm32f4xx_hal_tim.o
                0x08006398                HAL_TIM_Base_Init
 .text.HAL_TIM_Base_MspInit
                0x08006436       0x14 ./Drivers/STM32F4xx_HAL_Driver/Src/stm32f4xx_hal_tim.o
                0x08006436                HAL_TIM_Base_MspInit
 *fill*         0x0800644a        0x2 
 .text.HAL_TIM_Base_Start_IT
                0x0800644c       0xe0 ./Drivers/STM32F4xx_HAL_Driver/Src/stm32f4xx_hal_tim.o
                0x0800644c                HAL_TIM_Base_Start_IT
 .text.HAL_TIM_PWM_Init
                0x0800652c       0x9e ./Drivers/STM32F4xx_HAL_Driver/Src/stm32f4xx_hal_tim.o
                0x0800652c                HAL_TIM_PWM_Init
 .text.HAL_TIM_IRQHandler
                0x080065ca      0x1e0 ./Drivers/STM32F4xx_HAL_Driver/Src/stm32f4xx_hal_tim.o
                0x080065ca                HAL_TIM_IRQHandler
 *fill*         0x080067aa        0x2 
 .text.HAL_TIM_PWM_ConfigChannel
                0x080067ac      0x184 ./Drivers/STM32F4xx_HAL_Driver/Src/stm32f4xx_hal_tim.o
                0x080067ac                HAL_TIM_PWM_ConfigChannel
 .text.HAL_TIM_OC_DelayElapsedCallback
                0x08006930       0x14 ./Drivers/STM32F4xx_HAL_Driver/Src/stm32f4xx_hal_tim.o
                0x08006930                HAL_TIM_OC_DelayElapsedCallback
 .text.HAL_TIM_IC_CaptureCallback
                0x08006944       0x14 ./Drivers/STM32F4xx_HAL_Driver/Src/stm32f4xx_hal_tim.o
                0x08006944                HAL_TIM_IC_CaptureCallback
 .text.HAL_TIM_PWM_PulseFinishedCallback
                0x08006958       0x14 ./Drivers/STM32F4xx_HAL_Driver/Src/stm32f4xx_hal_tim.o
                0x08006958                HAL_TIM_PWM_PulseFinishedCallback
 .text.HAL_TIM_TriggerCallback
                0x0800696c       0x14 ./Drivers/STM32F4xx_HAL_Driver/Src/stm32f4xx_hal_tim.o
                0x0800696c                HAL_TIM_TriggerCallback
 .text.TIM_Base_SetConfig
                0x08006980      0x14c ./Drivers/STM32F4xx_HAL_Driver/Src/stm32f4xx_hal_tim.o
                0x08006980                TIM_Base_SetConfig
 .text.TIM_OC1_SetConfig
                0x08006acc       0xe0 ./Drivers/STM32F4xx_HAL_Driver/Src/stm32f4xx_hal_tim.o
 .text.TIM_OC2_SetConfig
                0x08006bac       0xec ./Drivers/STM32F4xx_HAL_Driver/Src/stm32f4xx_hal_tim.o
                0x08006bac                TIM_OC2_SetConfig
 .text.TIM_OC3_SetConfig
                0x08006c98       0xe8 ./Drivers/STM32F4xx_HAL_Driver/Src/stm32f4xx_hal_tim.o
 .text.TIM_OC4_SetConfig
                0x08006d80       0xac ./Drivers/STM32F4xx_HAL_Driver/Src/stm32f4xx_hal_tim.o
 .text.HAL_TIMEx_MasterConfigSynchronization
                0x08006e2c       0xf8 ./Drivers/STM32F4xx_HAL_Driver/Src/stm32f4xx_hal_tim_ex.o
                0x08006e2c                HAL_TIMEx_MasterConfigSynchronization
 .text.HAL_TIMEx_ConfigBreakDeadTime
                0x08006f24       0xa4 ./Drivers/STM32F4xx_HAL_Driver/Src/stm32f4xx_hal_tim_ex.o
                0x08006f24                HAL_TIMEx_ConfigBreakDeadTime
 .text.HAL_TIMEx_CommutCallback
                0x08006fc8       0x14 ./Drivers/STM32F4xx_HAL_Driver/Src/stm32f4xx_hal_tim_ex.o
                0x08006fc8                HAL_TIMEx_CommutCallback
 .text.HAL_TIMEx_BreakCallback
                0x08006fdc       0x14 ./Drivers/STM32F4xx_HAL_Driver/Src/stm32f4xx_hal_tim_ex.o
                0x08006fdc                HAL_TIMEx_BreakCallback
 .text.HAL_UART_Init
                0x08006ff0       0xa0 ./Drivers/STM32F4xx_HAL_Driver/Src/stm32f4xx_hal_uart.o
                0x08006ff0                HAL_UART_Init
 .text.HAL_UART_Transmit_DMA
                0x08007090       0xf8 ./Drivers/STM32F4xx_HAL_Driver/Src/stm32f4xx_hal_uart.o
                0x08007090                HAL_UART_Transmit_DMA
 .text.HAL_UART_IRQHandler
                0x08007188      0x554 ./Drivers/STM32F4xx_HAL_Driver/Src/stm32f4xx_hal_uart.o
                0x08007188                HAL_UART_IRQHandler
 .text.HAL_UART_TxHalfCpltCallback
                0x080076dc       0x14 ./Drivers/STM32F4xx_HAL_Driver/Src/stm32f4xx_hal_uart.o
                0x080076dc                HAL_UART_TxHalfCpltCallback
 .text.HAL_UART_RxCpltCallback
                0x080076f0       0x14 ./Drivers/STM32F4xx_HAL_Driver/Src/stm32f4xx_hal_uart.o
                0x080076f0                HAL_UART_RxCpltCallback
 .text.HAL_UART_ErrorCallback
                0x08007704       0x14 ./Drivers/STM32F4xx_HAL_Driver/Src/stm32f4xx_hal_uart.o
                0x08007704                HAL_UART_ErrorCallback
 .text.HAL_UARTEx_RxEventCallback
                0x08007718       0x18 ./Drivers/STM32F4xx_HAL_Driver/Src/stm32f4xx_hal_uart.o
                0x08007718                HAL_UARTEx_RxEventCallback
 .text.UART_DMATransmitCplt
                0x08007730       0x9a ./Drivers/STM32F4xx_HAL_Driver/Src/stm32f4xx_hal_uart.o
 .text.UART_DMATxHalfCplt
                0x080077ca       0x1c ./Drivers/STM32F4xx_HAL_Driver/Src/stm32f4xx_hal_uart.o
 .text.UART_DMAError
                0x080077e6       0x94 ./Drivers/STM32F4xx_HAL_Driver/Src/stm32f4xx_hal_uart.o
 .text.UART_EndTxTransfer
                0x0800787a       0x50 ./Drivers/STM32F4xx_HAL_Driver/Src/stm32f4xx_hal_uart.o
 .text.UART_EndRxTransfer
                0x080078ca       0xc6 ./Drivers/STM32F4xx_HAL_Driver/Src/stm32f4xx_hal_uart.o
 .text.UART_DMAAbortOnError
                0x08007990       0x22 ./Drivers/STM32F4xx_HAL_Driver/Src/stm32f4xx_hal_uart.o
 .text.UART_Transmit_IT
                0x080079b2       0xa0 ./Drivers/STM32F4xx_HAL_Driver/Src/stm32f4xx_hal_uart.o
 .text.UART_EndTransmit_IT
                0x08007a52       0x30 ./Drivers/STM32F4xx_HAL_Driver/Src/stm32f4xx_hal_uart.o
 .text.UART_Receive_IT
                0x08007a82      0x17c ./Drivers/STM32F4xx_HAL_Driver/Src/stm32f4xx_hal_uart.o
 *fill*         0x08007bfe        0x2 
 .text.UART_SetConfig
                0x08007c00      0x4e8 ./Drivers/STM32F4xx_HAL_Driver/Src/stm32f4xx_hal_uart.o
 .text.__NVIC_SetPriority
                0x080080e8       0x54 ./Middlewares/Third_Party/FreeRTOS/Source/CMSIS_RTOS_V2/cmsis_os2.o
 .text.SysTick_Handler
                0x0800813c       0x20 ./Middlewares/Third_Party/FreeRTOS/Source/CMSIS_RTOS_V2/cmsis_os2.o
                0x0800813c                SysTick_Handler
 .text.SVC_Setup
                0x0800815c       0x12 ./Middlewares/Third_Party/FreeRTOS/Source/CMSIS_RTOS_V2/cmsis_os2.o
 *fill*         0x0800816e        0x2 
 .text.osKernelInitialize
                0x08008170       0x48 ./Middlewares/Third_Party/FreeRTOS/Source/CMSIS_RTOS_V2/cmsis_os2.o
                0x08008170                osKernelInitialize
 .text.osKernelStart
                0x080081b8       0x4c ./Middlewares/Third_Party/FreeRTOS/Source/CMSIS_RTOS_V2/cmsis_os2.o
                0x080081b8                osKernelStart
 .text.osThreadNew
                0x08008204      0x124 ./Middlewares/Third_Party/FreeRTOS/Source/CMSIS_RTOS_V2/cmsis_os2.o
                0x08008204                osThreadNew
 .text.osDelay  0x08008328       0x36 ./Middlewares/Third_Party/FreeRTOS/Source/CMSIS_RTOS_V2/cmsis_os2.o
                0x08008328                osDelay
 *fill*         0x0800835e        0x2 
 .text.vApplicationGetIdleTaskMemory
                0x08008360       0x34 ./Middlewares/Third_Party/FreeRTOS/Source/CMSIS_RTOS_V2/cmsis_os2.o
                0x08008360                vApplicationGetIdleTaskMemory
 .text.vApplicationGetTimerTaskMemory
                0x08008394       0x34 ./Middlewares/Third_Party/FreeRTOS/Source/CMSIS_RTOS_V2/cmsis_os2.o
                0x08008394                vApplicationGetTimerTaskMemory
 .text.vListInitialise
                0x080083c8       0x40 ./Middlewares/Third_Party/FreeRTOS/Source/list.o
                0x080083c8                vListInitialise
 .text.vListInitialiseItem
                0x08008408       0x1a ./Middlewares/Third_Party/FreeRTOS/Source/list.o
                0x08008408                vListInitialiseItem
 .text.vListInsertEnd
                0x08008422       0x48 ./Middlewares/Third_Party/FreeRTOS/Source/list.o
                0x08008422                vListInsertEnd
 .text.vListInsert
                0x0800846a       0x72 ./Middlewares/Third_Party/FreeRTOS/Source/list.o
                0x0800846a                vListInsert
 .text.uxListRemove
                0x080084dc       0x54 ./Middlewares/Third_Party/FreeRTOS/Source/list.o
                0x080084dc                uxListRemove
 .text.xQueueGenericReset
                0x08008530       0xd4 ./Middlewares/Third_Party/FreeRTOS/Source/queue.o
                0x08008530                xQueueGenericReset
 .text.xQueueGenericCreateStatic
                0x08008604       0xfa ./Middlewares/Third_Party/FreeRTOS/Source/queue.o
                0x08008604                xQueueGenericCreateStatic
 .text.xQueueGenericCreate
                0x080086fe       0x76 ./Middlewares/Third_Party/FreeRTOS/Source/queue.o
                0x080086fe                xQueueGenericCreate
 .text.prvInitialiseNewQueue
                0x08008774       0x46 ./Middlewares/Third_Party/FreeRTOS/Source/queue.o
 *fill*         0x080087ba        0x2 
 .text.xQueueGenericSend
                0x080087bc      0x204 ./Middlewares/Third_Party/FreeRTOS/Source/queue.o
                0x080087bc                xQueueGenericSend
 .text.xQueueGenericSendFromISR
                0x080089c0      0x13c ./Middlewares/Third_Party/FreeRTOS/Source/queue.o
                0x080089c0                xQueueGenericSendFromISR
 .text.xQueueReceive
                0x08008afc      0x1c4 ./Middlewares/Third_Party/FreeRTOS/Source/queue.o
                0x08008afc                xQueueReceive
 .text.xQueueSemaphoreTake
                0x08008cc0      0x220 ./Middlewares/Third_Party/FreeRTOS/Source/queue.o
                0x08008cc0                xQueueSemaphoreTake
 .text.prvGetDisinheritPriorityAfterTimeout
                0x08008ee0       0x30 ./Middlewares/Third_Party/FreeRTOS/Source/queue.o
 .text.prvCopyDataToQueue
                0x08008f10       0xd4 ./Middlewares/Third_Party/FreeRTOS/Source/queue.o
 .text.prvCopyDataFromQueue
                0x08008fe4       0x4c ./Middlewares/Third_Party/FreeRTOS/Source/queue.o
 .text.prvUnlockQueue
                0x08009030       0xa4 ./Middlewares/Third_Party/FreeRTOS/Source/queue.o
 .text.prvIsQueueEmpty
                0x080090d4       0x2c ./Middlewares/Third_Party/FreeRTOS/Source/queue.o
 .text.prvIsQueueFull
                0x08009100       0x30 ./Middlewares/Third_Party/FreeRTOS/Source/queue.o
 .text.vQueueAddToRegistry
                0x08009130       0x54 ./Middlewares/Third_Party/FreeRTOS/Source/queue.o
                0x08009130                vQueueAddToRegistry
 .text.vQueueWaitForMessageRestricted
                0x08009184       0x68 ./Middlewares/Third_Party/FreeRTOS/Source/queue.o
                0x08009184                vQueueWaitForMessageRestricted
 .text.xTaskCreateStatic
                0x080091ec       0xc0 ./Middlewares/Third_Party/FreeRTOS/Source/tasks.o
                0x080091ec                xTaskCreateStatic
 .text.xTaskCreate
                0x080092ac       0x8a ./Middlewares/Third_Party/FreeRTOS/Source/tasks.o
                0x080092ac                xTaskCreate
 *fill*         0x08009336        0x2 
 .text.prvInitialiseNewTask
                0x08009338      0x150 ./Middlewares/Third_Party/FreeRTOS/Source/tasks.o
 .text.prvAddNewTaskToReadyList
                0x08009488       0xe0 ./Middlewares/Third_Party/FreeRTOS/Source/tasks.o
 .text.vTaskDelay
                0x08009568       0x6c ./Middlewares/Third_Party/FreeRTOS/Source/tasks.o
                0x08009568                vTaskDelay
 .text.vTaskStartScheduler
                0x080095d4       0xe0 ./Middlewares/Third_Party/FreeRTOS/Source/tasks.o
                0x080095d4                vTaskStartScheduler
 .text.vTaskSuspendAll
                0x080096b4       0x1c ./Middlewares/Third_Party/FreeRTOS/Source/tasks.o
                0x080096b4                vTaskSuspendAll
 .text.xTaskResumeAll
                0x080096d0      0x13c ./Middlewares/Third_Party/FreeRTOS/Source/tasks.o
                0x080096d0                xTaskResumeAll
 .text.xTaskGetTickCount
                0x0800980c       0x20 ./Middlewares/Third_Party/FreeRTOS/Source/tasks.o
                0x0800980c                xTaskGetTickCount
 .text.xTaskIncrementTick
                0x0800982c      0x174 ./Middlewares/Third_Party/FreeRTOS/Source/tasks.o
                0x0800982c                xTaskIncrementTick
 .text.vTaskSwitchContext
                0x080099a0       0xcc ./Middlewares/Third_Party/FreeRTOS/Source/tasks.o
                0x080099a0                vTaskSwitchContext
 .text.vTaskPlaceOnEventList
                0x08009a6c       0x4c ./Middlewares/Third_Party/FreeRTOS/Source/tasks.o
                0x08009a6c                vTaskPlaceOnEventList
 .text.vTaskPlaceOnEventListRestricted
                0x08009ab8       0x58 ./Middlewares/Third_Party/FreeRTOS/Source/tasks.o
                0x08009ab8                vTaskPlaceOnEventListRestricted
 .text.xTaskRemoveFromEventList
                0x08009b10       0xc8 ./Middlewares/Third_Party/FreeRTOS/Source/tasks.o
                0x08009b10                xTaskRemoveFromEventList
 .text.vTaskInternalSetTimeOutState
                0x08009bd8       0x2c ./Middlewares/Third_Party/FreeRTOS/Source/tasks.o
                0x08009bd8                vTaskInternalSetTimeOutState
 .text.xTaskCheckForTimeOut
                0x08009c04       0xc8 ./Middlewares/Third_Party/FreeRTOS/Source/tasks.o
                0x08009c04                xTaskCheckForTimeOut
 .text.vTaskMissedYield
                0x08009ccc       0x18 ./Middlewares/Third_Party/FreeRTOS/Source/tasks.o
                0x08009ccc                vTaskMissedYield
 .text.prvIdleTask
                0x08009ce4       0x30 ./Middlewares/Third_Party/FreeRTOS/Source/tasks.o
 .text.prvInitialiseTaskLists
                0x08009d14       0x80 ./Middlewares/Third_Party/FreeRTOS/Source/tasks.o
 .text.prvCheckTasksWaitingTermination
                0x08009d94       0x5c ./Middlewares/Third_Party/FreeRTOS/Source/tasks.o
 .text.prvDeleteTCB
                0x08009df0       0x6a ./Middlewares/Third_Party/FreeRTOS/Source/tasks.o
 *fill*         0x08009e5a        0x2 
 .text.prvResetNextTaskUnblockTime
                0x08009e5c       0x40 ./Middlewares/Third_Party/FreeRTOS/Source/tasks.o
 .text.xTaskGetSchedulerState
                0x08009e9c       0x3c ./Middlewares/Third_Party/FreeRTOS/Source/tasks.o
                0x08009e9c                xTaskGetSchedulerState
 .text.xTaskPriorityInherit
                0x08009ed8       0xd0 ./Middlewares/Third_Party/FreeRTOS/Source/tasks.o
                0x08009ed8                xTaskPriorityInherit
 .text.xTaskPriorityDisinherit
                0x08009fa8       0xe0 ./Middlewares/Third_Party/FreeRTOS/Source/tasks.o
                0x08009fa8                xTaskPriorityDisinherit
 .text.vTaskPriorityDisinheritAfterTimeout
                0x0800a088      0x108 ./Middlewares/Third_Party/FreeRTOS/Source/tasks.o
                0x0800a088                vTaskPriorityDisinheritAfterTimeout
 .text.pvTaskIncrementMutexHeldCount
                0x0800a190       0x28 ./Middlewares/Third_Party/FreeRTOS/Source/tasks.o
                0x0800a190                pvTaskIncrementMutexHeldCount
 .text.prvAddCurrentTaskToDelayedList
                0x0800a1b8       0xa8 ./Middlewares/Third_Party/FreeRTOS/Source/tasks.o
 .text.xTimerCreateTimerTask
                0x0800a260       0x94 ./Middlewares/Third_Party/FreeRTOS/Source/timers.o
                0x0800a260                xTimerCreateTimerTask
 .text.xTimerGenericCommand
                0x0800a2f4       0x9c ./Middlewares/Third_Party/FreeRTOS/Source/timers.o
                0x0800a2f4                xTimerGenericCommand
 .text.prvProcessExpiredTimer
                0x0800a390       0x9c ./Middlewares/Third_Party/FreeRTOS/Source/timers.o
 .text.prvTimerTask
                0x0800a42c       0x26 ./Middlewares/Third_Party/FreeRTOS/Source/timers.o
 *fill*         0x0800a452        0x2 
 .text.prvProcessTimerOrBlockTask
                0x0800a454       0x9c ./Middlewares/Third_Party/FreeRTOS/Source/timers.o
 .text.prvGetNextExpireTime
                0x0800a4f0       0x48 ./Middlewares/Third_Party/FreeRTOS/Source/timers.o
 .text.prvSampleTimeNow
                0x0800a538       0x40 ./Middlewares/Third_Party/FreeRTOS/Source/timers.o
 .text.prvInsertTimerInActiveList
                0x0800a578       0x84 ./Middlewares/Third_Party/FreeRTOS/Source/timers.o
 .text.prvProcessReceivedCommands
                0x0800a5fc      0x1cc ./Middlewares/Third_Party/FreeRTOS/Source/timers.o
 .text.prvSwitchTimerLists
                0x0800a7c8       0xcc ./Middlewares/Third_Party/FreeRTOS/Source/timers.o
 .text.prvCheckForValidListAndQueue
                0x0800a894       0x80 ./Middlewares/Third_Party/FreeRTOS/Source/timers.o
 .text.pxPortInitialiseStack
                0x0800a914       0x68 ./Middlewares/Third_Party/FreeRTOS/Source/portable/GCC/ARM_CM4F/port.o
                0x0800a914                pxPortInitialiseStack
 .text.prvTaskExitError
                0x0800a97c       0x5c ./Middlewares/Third_Party/FreeRTOS/Source/portable/GCC/ARM_CM4F/port.o
 *fill*         0x0800a9d8        0x8 
 .text.SVC_Handler
                0x0800a9e0       0x28 ./Middlewares/Third_Party/FreeRTOS/Source/portable/GCC/ARM_CM4F/port.o
                0x0800a9e0                SVC_Handler
 .text.prvPortStartFirstTask
                0x0800aa08       0x28 ./Middlewares/Third_Party/FreeRTOS/Source/portable/GCC/ARM_CM4F/port.o
 .text.xPortStartScheduler
                0x0800aa30      0x148 ./Middlewares/Third_Party/FreeRTOS/Source/portable/GCC/ARM_CM4F/port.o
                0x0800aa30                xPortStartScheduler
 .text.vPortEnterCritical
                0x0800ab78       0x64 ./Middlewares/Third_Party/FreeRTOS/Source/portable/GCC/ARM_CM4F/port.o
                0x0800ab78                vPortEnterCritical
 .text.vPortExitCritical
                0x0800abdc       0x54 ./Middlewares/Third_Party/FreeRTOS/Source/portable/GCC/ARM_CM4F/port.o
                0x0800abdc                vPortExitCritical
 .text.PendSV_Handler
                0x0800ac30       0x68 ./Middlewares/Third_Party/FreeRTOS/Source/portable/GCC/ARM_CM4F/port.o
                0x0800ac30                PendSV_Handler
 .text.xPortSysTickHandler
                0x0800ac98       0x44 ./Middlewares/Third_Party/FreeRTOS/Source/portable/GCC/ARM_CM4F/port.o
                0x0800ac98                xPortSysTickHandler
 .text.vPortSetupTimerInterrupt
                0x0800acdc       0x48 ./Middlewares/Third_Party/FreeRTOS/Source/portable/GCC/ARM_CM4F/port.o
                0x0800acdc                vPortSetupTimerInterrupt
 .text.vPortEnableVFP
                0x0800ad24       0x14 ./Middlewares/Third_Party/FreeRTOS/Source/portable/GCC/ARM_CM4F/port.o
 .text.vPortValidateInterruptPriority
                0x0800ad38       0x84 ./Middlewares/Third_Party/FreeRTOS/Source/portable/GCC/ARM_CM4F/port.o
                0x0800ad38                vPortValidateInterruptPriority
 .text.pvPortMalloc
                0x0800adbc      0x19c ./Middlewares/Third_Party/FreeRTOS/Source/portable/MemMang/heap_4.o
                0x0800adbc                pvPortMalloc
 .text.vPortFree
                0x0800af58       0xc8 ./Middlewares/Third_Party/FreeRTOS/Source/portable/MemMang/heap_4.o
                0x0800af58                vPortFree
 .text.prvHeapInit
                0x0800b020       0xc4 ./Middlewares/Third_Party/FreeRTOS/Source/portable/MemMang/heap_4.o
 .text.prvInsertBlockIntoFreeList
                0x0800b0e4       0xb4 ./Middlewares/Third_Party/FreeRTOS/Source/portable/MemMang/heap_4.o
 .text.snprintf
                0x0800b198       0x6c D:/STM32CubeIDE/STM32CubeIDE_2.1.1/STM32CubeIDE/plugins/com.st.stm32cube.ide.mcu.externaltools.gnu-tools-for-stm32.14.3.rel1.win32_1.0.100.202602081740/tools/bin/../lib/gcc/arm-none-eabi/14.3.1/../../../../arm-none-eabi/lib/thumb/v7e-m+fp/hard\libc_nano.a(libc_a-snprintf.o)
                0x0800b198                sniprintf
                0x0800b198                snprintf
 .text.memset   0x0800b204       0x10 D:/STM32CubeIDE/STM32CubeIDE_2.1.1/STM32CubeIDE/plugins/com.st.stm32cube.ide.mcu.externaltools.gnu-tools-for-stm32.14.3.rel1.win32_1.0.100.202602081740/tools/bin/../lib/gcc/arm-none-eabi/14.3.1/../../../../arm-none-eabi/lib/thumb/v7e-m+fp/hard\libc_nano.a(libc_a-memset.o)
                0x0800b204                memset
 .text._reclaim_reent
                0x0800b214       0xbc D:/STM32CubeIDE/STM32CubeIDE_2.1.1/STM32CubeIDE/plugins/com.st.stm32cube.ide.mcu.externaltools.gnu-tools-for-stm32.14.3.rel1.win32_1.0.100.202602081740/tools/bin/../lib/gcc/arm-none-eabi/14.3.1/../../../../arm-none-eabi/lib/thumb/v7e-m+fp/hard\libc_nano.a(libc_a-reent.o)
                0x0800b214                _reclaim_reent
 .text.__errno  0x0800b2d0        0xc D:/STM32CubeIDE/STM32CubeIDE_2.1.1/STM32CubeIDE/plugins/com.st.stm32cube.ide.mcu.externaltools.gnu-tools-for-stm32.14.3.rel1.win32_1.0.100.202602081740/tools/bin/../lib/gcc/arm-none-eabi/14.3.1/../../../../arm-none-eabi/lib/thumb/v7e-m+fp/hard\libc_nano.a(libc_a-errno.o)
                0x0800b2d0                __errno
 .text.__libc_init_array
                0x0800b2dc       0x48 D:/STM32CubeIDE/STM32CubeIDE_2.1.1/STM32CubeIDE/plugins/com.st.stm32cube.ide.mcu.externaltools.gnu-tools-for-stm32.14.3.rel1.win32_1.0.100.202602081740/tools/bin/../lib/gcc/arm-none-eabi/14.3.1/../../../../arm-none-eabi/lib/thumb/v7e-m+fp/hard\libc_nano.a(libc_a-init.o)
                0x0800b2dc                __libc_init_array
 .text.__retarget_lock_acquire_recursive
                0x0800b324        0x2 D:/STM32CubeIDE/STM32CubeIDE_2.1.1/STM32CubeIDE/plugins/com.st.stm32cube.ide.mcu.externaltools.gnu-tools-for-stm32.14.3.rel1.win32_1.0.100.202602081740/tools/bin/../lib/gcc/arm-none-eabi/14.3.1/../../../../arm-none-eabi/lib/thumb/v7e-m+fp/hard\libc_nano.a(libc_a-lock.o)
                0x0800b324                __retarget_lock_acquire_recursive
 .text.__retarget_lock_release_recursive
                0x0800b326        0x2 D:/STM32CubeIDE/STM32CubeIDE_2.1.1/STM32CubeIDE/plugins/com.st.stm32cube.ide.mcu.externaltools.gnu-tools-for-stm32.14.3.rel1.win32_1.0.100.202602081740/tools/bin/../lib/gcc/arm-none-eabi/14.3.1/../../../../arm-none-eabi/lib/thumb/v7e-m+fp/hard\libc_nano.a(libc_a-lock.o)
                0x0800b326                __retarget_lock_release_recursive
 .text.memcpy   0x0800b328       0x1c D:/STM32CubeIDE/STM32CubeIDE_2.1.1/STM32CubeIDE/plugins/com.st.stm32cube.ide.mcu.externaltools.gnu-tools-for-stm32.14.3.rel1.win32_1.0.100.202602081740/tools/bin/../lib/gcc/arm-none-eabi/14.3.1/../../../../arm-none-eabi/lib/thumb/v7e-m+fp/hard\libc_nano.a(libc_a-memcpy-stub.o)
                0x0800b328                memcpy
 .text._free_r  0x0800b344       0x94 D:/STM32CubeIDE/STM32CubeIDE_2.1.1/STM32CubeIDE/plugins/com.st.stm32cube.ide.mcu.externaltools.gnu-tools-for-stm32.14.3.rel1.win32_1.0.100.202602081740/tools/bin/../lib/gcc/arm-none-eabi/14.3.1/../../../../arm-none-eabi/lib/thumb/v7e-m+fp/hard\libc_nano.a(libc_a-freer.o)
                0x0800b344                _free_r
 .text.sbrk_aligned
                0x0800b3d8       0x44 D:/STM32CubeIDE/STM32CubeIDE_2.1.1/STM32CubeIDE/plugins/com.st.stm32cube.ide.mcu.externaltools.gnu-tools-for-stm32.14.3.rel1.win32_1.0.100.202602081740/tools/bin/../lib/gcc/arm-none-eabi/14.3.1/../../../../arm-none-eabi/lib/thumb/v7e-m+fp/hard\libc_nano.a(libc_a-mallocr.o)
 .text._malloc_r
                0x0800b41c      0x100 D:/STM32CubeIDE/STM32CubeIDE_2.1.1/STM32CubeIDE/plugins/com.st.stm32cube.ide.mcu.externaltools.gnu-tools-for-stm32.14.3.rel1.win32_1.0.100.202602081740/tools/bin/../lib/gcc/arm-none-eabi/14.3.1/../../../../arm-none-eabi/lib/thumb/v7e-m+fp/hard\libc_nano.a(libc_a-mallocr.o)
                0x0800b41c                _malloc_r
 .text.__malloc_lock
                0x0800b51c        0xc D:/STM32CubeIDE/STM32CubeIDE_2.1.1/STM32CubeIDE/plugins/com.st.stm32cube.ide.mcu.externaltools.gnu-tools-for-stm32.14.3.rel1.win32_1.0.100.202602081740/tools/bin/../lib/gcc/arm-none-eabi/14.3.1/../../../../arm-none-eabi/lib/thumb/v7e-m+fp/hard\libc_nano.a(libc_a-mlock.o)
                0x0800b51c                __malloc_lock
 .text.__malloc_unlock
                0x0800b528        0xc D:/STM32CubeIDE/STM32CubeIDE_2.1.1/STM32CubeIDE/plugins/com.st.stm32cube.ide.mcu.externaltools.gnu-tools-for-stm32.14.3.rel1.win32_1.0.100.202602081740/tools/bin/../lib/gcc/arm-none-eabi/14.3.1/../../../../arm-none-eabi/lib/thumb/v7e-m+fp/hard\libc_nano.a(libc_a-mlock.o)
                0x0800b528                __malloc_unlock
 .text.__ssputs_r
                0x0800b534       0xc0 D:/STM32CubeIDE/STM32CubeIDE_2.1.1/STM32CubeIDE/plugins/com.st.stm32cube.ide.mcu.externaltools.gnu-tools-for-stm32.14.3.rel1.win32_1.0.100.202602081740/tools/bin/../lib/gcc/arm-none-eabi/14.3.1/../../../../arm-none-eabi/lib/thumb/v7e-m+fp/hard\libc_nano.a(libc_a-nano-svfprintf.o)
                0x0800b534                __ssputs_r
 .text._svfprintf_r
                0x0800b5f4      0x1f0 D:/STM32CubeIDE/STM32CubeIDE_2.1.1/STM32CubeIDE/plugins/com.st.stm32cube.ide.mcu.externaltools.gnu-tools-for-stm32.14.3.rel1.win32_1.0.100.202602081740/tools/bin/../lib/gcc/arm-none-eabi/14.3.1/../../../../arm-none-eabi/lib/thumb/v7e-m+fp/hard\libc_nano.a(libc_a-nano-svfprintf.o)
                0x0800b5f4                _svfiprintf_r
                0x0800b5f4                _svfprintf_r
 .text._printf_common
                0x0800b7e4       0xda D:/STM32CubeIDE/STM32CubeIDE_2.1.1/STM32CubeIDE/plugins/com.st.stm32cube.ide.mcu.externaltools.gnu-tools-for-stm32.14.3.rel1.win32_1.0.100.202602081740/tools/bin/../lib/gcc/arm-none-eabi/14.3.1/../../../../arm-none-eabi/lib/thumb/v7e-m+fp/hard\libc_nano.a(libc_a-nano-vfprintf_i.o)
                0x0800b7e4                _printf_common
 *fill*         0x0800b8be        0x2 
 .text._printf_i
                0x0800b8c0      0x24c D:/STM32CubeIDE/STM32CubeIDE_2.1.1/STM32CubeIDE/plugins/com.st.stm32cube.ide.mcu.externaltools.gnu-tools-for-stm32.14.3.rel1.win32_1.0.100.202602081740/tools/bin/../lib/gcc/arm-none-eabi/14.3.1/../../../../arm-none-eabi/lib/thumb/v7e-m+fp/hard\libc_nano.a(libc_a-nano-vfprintf_i.o)
                0x0800b8c0                _printf_i
 .text.memmove  0x0800bb0c       0x32 D:/STM32CubeIDE/STM32CubeIDE_2.1.1/STM32CubeIDE/plugins/com.st.stm32cube.ide.mcu.externaltools.gnu-tools-for-stm32.14.3.rel1.win32_1.0.100.202602081740/tools/bin/../lib/gcc/arm-none-eabi/14.3.1/../../../../arm-none-eabi/lib/thumb/v7e-m+fp/hard\libc_nano.a(libc_a-memmove.o)
                0x0800bb0c                memmove
 *fill*         0x0800bb3e        0x2 
 .text._sbrk_r  0x0800bb40       0x20 D:/STM32CubeIDE/STM32CubeIDE_2.1.1/STM32CubeIDE/plugins/com.st.stm32cube.ide.mcu.externaltools.gnu-tools-for-stm32.14.3.rel1.win32_1.0.100.202602081740/tools/bin/../lib/gcc/arm-none-eabi/14.3.1/../../../../arm-none-eabi/lib/thumb/v7e-m+fp/hard\libc_nano.a(libc_a-sbrkr.o)
                0x0800bb40                _sbrk_r
 .text._realloc_r
                0x0800bb60       0x5c D:/STM32CubeIDE/STM32CubeIDE_2.1.1/STM32CubeIDE/plugins/com.st.stm32cube.ide.mcu.externaltools.gnu-tools-for-stm32.14.3.rel1.win32_1.0.100.202602081740/tools/bin/../lib/gcc/arm-none-eabi/14.3.1/../../../../arm-none-eabi/lib/thumb/v7e-m+fp/hard\libc_nano.a(libc_a-reallocr.o)
                0x0800bb60                _realloc_r
 .text._malloc_usable_size_r
                0x0800bbbc       0x10 D:/STM32CubeIDE/STM32CubeIDE_2.1.1/STM32CubeIDE/plugins/com.st.stm32cube.ide.mcu.externaltools.gnu-tools-for-stm32.14.3.rel1.win32_1.0.100.202602081740/tools/bin/../lib/gcc/arm-none-eabi/14.3.1/../../../../arm-none-eabi/lib/thumb/v7e-m+fp/hard\libc_nano.a(libc_a-msizer.o)
                0x0800bbbc                _malloc_usable_size_r
 .text.cosf     0x0800bbcc       0x70 D:/STM32CubeIDE/STM32CubeIDE_2.1.1/STM32CubeIDE/plugins/com.st.stm32cube.ide.mcu.externaltools.gnu-tools-for-stm32.14.3.rel1.win32_1.0.100.202602081740/tools/bin/../lib/gcc/arm-none-eabi/14.3.1/../../../../arm-none-eabi/lib/thumb/v7e-m+fp/hard\libm.a(libm_a-sf_cos.o)
                0x0800bbcc                cosf
 .text.sinf     0x0800bc3c       0x74 D:/STM32CubeIDE/STM32CubeIDE_2.1.1/STM32CubeIDE/plugins/com.st.stm32cube.ide.mcu.externaltools.gnu-tools-for-stm32.14.3.rel1.win32_1.0.100.202602081740/tools/bin/../lib/gcc/arm-none-eabi/14.3.1/../../../../arm-none-eabi/lib/thumb/v7e-m+fp/hard\libm.a(libm_a-sf_sin.o)
                0x0800bc3c                sinf
 .text.__kernel_cosf
                0x0800bcb0      0x104 D:/STM32CubeIDE/STM32CubeIDE_2.1.1/STM32CubeIDE/plugins/com.st.stm32cube.ide.mcu.externaltools.gnu-tools-for-stm32.14.3.rel1.win32_1.0.100.202602081740/tools/bin/../lib/gcc/arm-none-eabi/14.3.1/../../../../arm-none-eabi/lib/thumb/v7e-m+fp/hard\libm.a(libm_a-kf_cos.o)
                0x0800bcb0                __kernel_cosf
 .text.__kernel_sinf
                0x0800bdb4       0x90 D:/STM32CubeIDE/STM32CubeIDE_2.1.1/STM32CubeIDE/plugins/com.st.stm32cube.ide.mcu.externaltools.gnu-tools-for-stm32.14.3.rel1.win32_1.0.100.202602081740/tools/bin/../lib/gcc/arm-none-eabi/14.3.1/../../../../arm-none-eabi/lib/thumb/v7e-m+fp/hard\libm.a(libm_a-kf_sin.o)
                0x0800bdb4                __kernel_sinf
 .text.__ieee754_rem_pio2f
                0x0800be44      0x26c D:/STM32CubeIDE/STM32CubeIDE_2.1.1/STM32CubeIDE/plugins/com.st.stm32cube.ide.mcu.externaltools.gnu-tools-for-stm32.14.3.rel1.win32_1.0.100.202602081740/tools/bin/../lib/gcc/arm-none-eabi/14.3.1/../../../../arm-none-eabi/lib/thumb/v7e-m+fp/hard\libm.a(libm_a-ef_rem_pio2.o)
                0x0800be44                __ieee754_rem_pio2f
 .text.fabsf    0x0800c0b0       0x10 D:/STM32CubeIDE/STM32CubeIDE_2.1.1/STM32CubeIDE/plugins/com.st.stm32cube.ide.mcu.externaltools.gnu-tools-for-stm32.14.3.rel1.win32_1.0.100.202602081740/tools/bin/../lib/gcc/arm-none-eabi/14.3.1/../../../../arm-none-eabi/lib/thumb/v7e-m+fp/hard\libm.a(libm_a-sf_fabs.o)
                0x0800c0b0                fabsf
 .text.__kernel_rem_pio2f
                0x0800c0c0      0x68c D:/STM32CubeIDE/STM32CubeIDE_2.1.1/STM32CubeIDE/plugins/com.st.stm32cube.ide.mcu.externaltools.gnu-tools-for-stm32.14.3.rel1.win32_1.0.100.202602081740/tools/bin/../lib/gcc/arm-none-eabi/14.3.1/../../../../arm-none-eabi/lib/thumb/v7e-m+fp/hard\libm.a(libm_a-kf_rem_pio2.o)
                0x0800c0c0                __kernel_rem_pio2f
 .text.scalbnf  0x0800c74c       0xdc D:/STM32CubeIDE/STM32CubeIDE_2.1.1/STM32CubeIDE/plugins/com.st.stm32cube.ide.mcu.externaltools.gnu-tools-for-stm32.14.3.rel1.win32_1.0.100.202602081740/tools/bin/../lib/gcc/arm-none-eabi/14.3.1/../../../../arm-none-eabi/lib/thumb/v7e-m+fp/hard\libm.a(libm_a-sf_scalbn.o)
                0x0800c74c                scalbnf
 .text.floorf   0x0800c828       0x94 D:/STM32CubeIDE/STM32CubeIDE_2.1.1/STM32CubeIDE/plugins/com.st.stm32cube.ide.mcu.externaltools.gnu-tools-for-stm32.14.3.rel1.win32_1.0.100.202602081740/tools/bin/../lib/gcc/arm-none-eabi/14.3.1/../../../../arm-none-eabi/lib/thumb/v7e-m+fp/hard\libm.a(libm_a-sf_floor.o)
                0x0800c828                floorf
 *(.glue_7)
 .glue_7        0x0800c8bc        0x0 linker stubs
 *(.glue_7t)
 .glue_7t       0x0800c8bc        0x0 linker stubs
 *(.eh_frame)
 .eh_frame      0x0800c8bc        0x0 D:/STM32CubeIDE/STM32CubeIDE_2.1.1/STM32CubeIDE/plugins/com.st.stm32cube.ide.mcu.externaltools.gnu-tools-for-stm32.14.3.rel1.win32_1.0.100.202602081740/tools/bin/../lib/gcc/arm-none-eabi/14.3.1/thumb/v7e-m+fp/hard/crtbegin.o
 *(.init)
 .init          0x0800c8bc        0x4 D:/STM32CubeIDE/STM32CubeIDE_2.1.1/STM32CubeIDE/plugins/com.st.stm32cube.ide.mcu.externaltools.gnu-tools-for-stm32.14.3.rel1.win32_1.0.100.202602081740/tools/bin/../lib/gcc/arm-none-eabi/14.3.1/thumb/v7e-m+fp/hard/crti.o
                0x0800c8bc                _init
 .init          0x0800c8c0        0x8 D:/STM32CubeIDE/STM32CubeIDE_2.1.1/STM32CubeIDE/plugins/com.st.stm32cube.ide.mcu.externaltools.gnu-tools-for-stm32.14.3.rel1.win32_1.0.100.202602081740/tools/bin/../lib/gcc/arm-none-eabi/14.3.1/thumb/v7e-m+fp/hard/crtn.o
 *(.fini)
 .fini          0x0800c8c8        0x4 D:/STM32CubeIDE/STM32CubeIDE_2.1.1/STM32CubeIDE/plugins/com.st.stm32cube.ide.mcu.externaltools.gnu-tools-for-stm32.14.3.rel1.win32_1.0.100.202602081740/tools/bin/../lib/gcc/arm-none-eabi/14.3.1/thumb/v7e-m+fp/hard/crti.o
                0x0800c8c8                _fini
 .fini          0x0800c8cc        0x8 D:/STM32CubeIDE/STM32CubeIDE_2.1.1/STM32CubeIDE/plugins/com.st.stm32cube.ide.mcu.externaltools.gnu-tools-for-stm32.14.3.rel1.win32_1.0.100.202602081740/tools/bin/../lib/gcc/arm-none-eabi/14.3.1/thumb/v7e-m+fp/hard/crtn.o
                0x0800c8d4                        . = ALIGN (0x4)
                0x0800c8d4                        _etext = .

.vfp11_veneer   0x0800c8d4        0x0
 .vfp11_veneer  0x0800c8d4        0x0 linker stubs

.v4_bx          0x0800c8d4        0x0
 .v4_bx         0x0800c8d4        0x0 linker stubs

.iplt           0x0800c8d4        0x0
 .iplt          0x0800c8d4        0x0 D:/STM32CubeIDE/STM32CubeIDE_2.1.1/STM32CubeIDE/plugins/com.st.stm32cube.ide.mcu.externaltools.gnu-tools-for-stm32.14.3.rel1.win32_1.0.100.202602081740/tools/bin/../lib/gcc/arm-none-eabi/14.3.1/thumb/v7e-m+fp/hard/crtbegin.o

.rodata         0x0800c8d4     0x357c
                0x0800c8d4                        . = ALIGN (0x4)
 *(.rodata)
 .rodata        0x0800c8d4      0x26d ./Core/Src/UI/ui_renderer.o
 *fill*         0x0800cb41        0x3 
 .rodata        0x0800cb44       0x2b ./Core/Src/main.o
 *fill*         0x0800cb6f        0x1 
 .rodata        0x0800cb70        0x5 ./Middlewares/Third_Party/FreeRTOS/Source/tasks.o
 *fill*         0x0800cb75        0x3 
 .rodata        0x0800cb78        0xd ./Middlewares/Third_Party/FreeRTOS/Source/timers.o
 *(.rodata*)
 *fill*         0x0800cb85        0x3 
 .rodata.STAR_X
                0x0800cb88        0xb ./Core/Src/UI/ui_renderer.o
 *fill*         0x0800cb93        0x1 
 .rodata.STAR_Y
                0x0800cb94        0xb ./Core/Src/UI/ui_renderer.o
 *fill*         0x0800cb9f        0x1 
 .rodata.SSTAR_X
                0x0800cba0        0xb ./Core/Src/UI/ui_renderer.o
 *fill*         0x0800cbab        0x1 
 .rodata.SSTAR_Y
                0x0800cbac        0xb ./Core/Src/UI/ui_renderer.o
 *fill*         0x0800cbb7        0x1 
 .rodata.hop.5  0x0800cbb8        0x8 ./Core/Src/UI/ui_renderer.o
 .rodata.periods.4
                0x0800cbc0        0x3 ./Core/Src/UI/ui_renderer.o
 *fill*         0x0800cbc3        0x1 
 .rodata.sx.3   0x0800cbc4        0xc ./Core/Src/UI/ui_renderer.o
 .rodata.defaultTask_attributes
                0x0800cbd0       0x24 ./Core/Src/main.o
                0x0800cbd0                defaultTask_attributes
 .rodata.AHBPrescTable
                0x0800cbf4       0x10 ./Core/Src/system_stm32f4xx.o
                0x0800cbf4                AHBPrescTable
 .rodata.APBPrescTable
                0x0800cc04        0x8 ./Core/Src/system_stm32f4xx.o
                0x0800cc04                APBPrescTable
 .rodata.CIRCLE_APPROXIMATION_SEGMENTS.0
                0x0800cc0c        0x1 ./Drivers/OLED/ssd1306.o
 *fill*         0x0800cc0d        0x3 
 .rodata.Font7x10
                0x0800cc10      0x76c ./Drivers/OLED/ssd1306_fonts.o
 .rodata.Font11x18
                0x0800d37c      0xd5c ./Drivers/OLED/ssd1306_fonts.o
 .rodata.Font16x26
                0x0800e0d8     0x134c ./Drivers/OLED/ssd1306_fonts.o
 .rodata.Font6x8
                0x0800f424      0x5f0 ./Drivers/OLED/ssd1306_fonts.o
 .rodata.Font_6x8
                0x0800fa14        0xc ./Drivers/OLED/ssd1306_fonts.o
                0x0800fa14                Font_6x8
 .rodata.Font_7x10
                0x0800fa20        0xc ./Drivers/OLED/ssd1306_fonts.o
                0x0800fa20                Font_7x10
 .rodata.Font_11x18
                0x0800fa2c        0xc ./Drivers/OLED/ssd1306_fonts.o
                0x0800fa2c                Font_11x18
 .rodata.Font_16x26
                0x0800fa38        0xc ./Drivers/OLED/ssd1306_fonts.o
                0x0800fa38                Font_16x26
 .rodata.flagBitshiftOffset.0
                0x0800fa44        0x8 ./Drivers/STM32F4xx_HAL_Driver/Src/stm32f4xx_hal_dma.o
 .rodata._svfprintf_r.str1.1
                0x0800fa4c       0x33 D:/STM32CubeIDE/STM32CubeIDE_2.1.1/STM32CubeIDE/plugins/com.st.stm32cube.ide.mcu.externaltools.gnu-tools-for-stm32.14.3.rel1.win32_1.0.100.202602081740/tools/bin/../lib/gcc/arm-none-eabi/14.3.1/../../../../arm-none-eabi/lib/thumb/v7e-m+fp/hard\libc_nano.a(libc_a-nano-svfprintf.o)
                                 0x11 (size before relaxing)
 .rodata._printf_i.str1.1
                0x0800fa7f       0x22 D:/STM32CubeIDE/STM32CubeIDE_2.1.1/STM32CubeIDE/plugins/com.st.stm32cube.ide.mcu.externaltools.gnu-tools-for-stm32.14.3.rel1.win32_1.0.100.202602081740/tools/bin/../lib/gcc/arm-none-eabi/14.3.1/../../../../arm-none-eabi/lib/thumb/v7e-m+fp/hard\libc_nano.a(libc_a-nano-vfprintf_i.o)
 *fill*         0x0800fa7f        0x1 
 .rodata.npio2_hw
                0x0800fa80       0x80 D:/STM32CubeIDE/STM32CubeIDE_2.1.1/STM32CubeIDE/plugins/com.st.stm32cube.ide.mcu.externaltools.gnu-tools-for-stm32.14.3.rel1.win32_1.0.100.202602081740/tools/bin/../lib/gcc/arm-none-eabi/14.3.1/../../../../arm-none-eabi/lib/thumb/v7e-m+fp/hard\libm.a(libm_a-ef_rem_pio2.o)
 .rodata.two_over_pi
                0x0800fb00      0x318 D:/STM32CubeIDE/STM32CubeIDE_2.1.1/STM32CubeIDE/plugins/com.st.stm32cube.ide.mcu.externaltools.gnu-tools-for-stm32.14.3.rel1.win32_1.0.100.202602081740/tools/bin/../lib/gcc/arm-none-eabi/14.3.1/../../../../arm-none-eabi/lib/thumb/v7e-m+fp/hard\libm.a(libm_a-ef_rem_pio2.o)
 .rodata.PIo2   0x0800fe18       0x2c D:/STM32CubeIDE/STM32CubeIDE_2.1.1/STM32CubeIDE/plugins/com.st.stm32cube.ide.mcu.externaltools.gnu-tools-for-stm32.14.3.rel1.win32_1.0.100.202602081740/tools/bin/../lib/gcc/arm-none-eabi/14.3.1/../../../../arm-none-eabi/lib/thumb/v7e-m+fp/hard\libm.a(libm_a-kf_rem_pio2.o)
 .rodata.init_jk
                0x0800fe44        0xc D:/STM32CubeIDE/STM32CubeIDE_2.1.1/STM32CubeIDE/plugins/com.st.stm32cube.ide.mcu.externaltools.gnu-tools-for-stm32.14.3.rel1.win32_1.0.100.202602081740/tools/bin/../lib/gcc/arm-none-eabi/14.3.1/../../../../arm-none-eabi/lib/thumb/v7e-m+fp/hard\libm.a(libm_a-kf_rem_pio2.o)
                0x0800fe50                        . = ALIGN (0x4)

.ARM.extab      0x0800fe50        0x0
                0x0800fe50                        . = ALIGN (0x4)
 *(.ARM.extab* .gnu.linkonce.armextab.*)
                0x0800fe50                        . = ALIGN (0x4)

.ARM            0x0800fe50        0x8
                0x0800fe50                        . = ALIGN (0x4)
                0x0800fe50                        __exidx_start = .
 *(.ARM.exidx*)
 .ARM.exidx     0x0800fe50        0x8 D:/STM32CubeIDE/STM32CubeIDE_2.1.1/STM32CubeIDE/plugins/com.st.stm32cube.ide.mcu.externaltools.gnu-tools-for-stm32.14.3.rel1.win32_1.0.100.202602081740/tools/bin/../lib/gcc/arm-none-eabi/14.3.1/../../../../arm-none-eabi/lib/thumb/v7e-m+fp/hard\libc_nano.a(libc_a-strlen.o)
 .ARM.exidx     0x0800fe58        0x0 D:/STM32CubeIDE/STM32CubeIDE_2.1.1/STM32CubeIDE/plugins/com.st.stm32cube.ide.mcu.externaltools.gnu-tools-for-stm32.14.3.rel1.win32_1.0.100.202602081740/tools/bin/../lib/gcc/arm-none-eabi/14.3.1/../../../../arm-none-eabi/lib/thumb/v7e-m+fp/hard\libc_nano.a(libc_a-memchr.o)
                                  0x8 (size before relaxing)
 .ARM.exidx     0x0800fe58        0x0 D:/STM32CubeIDE/STM32CubeIDE_2.1.1/STM32CubeIDE/plugins/com.st.stm32cube.ide.mcu.externaltools.gnu-tools-for-stm32.14.3.rel1.win32_1.0.100.202602081740/tools/bin/../lib/gcc/arm-none-eabi/14.3.1/thumb/v7e-m+fp/hard\libgcc.a(_udivmoddi4.o)
                                  0x8 (size before relaxing)
                0x0800fe58                        __exidx_end = .
                0x0800fe58                        . = ALIGN (0x4)

.preinit_array  0x0800fe58        0x0
                0x0800fe58                        . = ALIGN (0x4)
                0x0800fe58                        PROVIDE (__preinit_array_start = .)
 *(.preinit_array*)
                0x0800fe58                        PROVIDE (__preinit_array_end = .)
                0x0800fe58                        . = ALIGN (0x4)

.init_array     0x0800fe58        0x4
                0x0800fe58                        . = ALIGN (0x4)
                0x0800fe58                        PROVIDE (__init_array_start = .)
 *(SORT_BY_NAME(.init_array.*))
 *(.init_array*)
 .init_array    0x0800fe58        0x4 D:/STM32CubeIDE/STM32CubeIDE_2.1.1/STM32CubeIDE/plugins/com.st.stm32cube.ide.mcu.externaltools.gnu-tools-for-stm32.14.3.rel1.win32_1.0.100.202602081740/tools/bin/../lib/gcc/arm-none-eabi/14.3.1/thumb/v7e-m+fp/hard/crtbegin.o
                0x0800fe5c                        PROVIDE (__init_array_end = .)
                0x0800fe5c                        . = ALIGN (0x4)

.fini_array     0x0800fe5c        0x4
                0x0800fe5c                        . = ALIGN (0x4)
                [!provide]                        PROVIDE (__fini_array_start = .)
 *(SORT_BY_NAME(.fini_array.*))
 *(.fini_array*)
 .fini_array    0x0800fe5c        0x4 D:/STM32CubeIDE/STM32CubeIDE_2.1.1/STM32CubeIDE/plugins/com.st.stm32cube.ide.mcu.externaltools.gnu-tools-for-stm32.14.3.rel1.win32_1.0.100.202602081740/tools/bin/../lib/gcc/arm-none-eabi/14.3.1/thumb/v7e-m+fp/hard/crtbegin.o
                [!provide]                        PROVIDE (__fini_array_end = .)
                0x0800fe60                        . = ALIGN (0x4)
                0x0800fe60                        _sidata = LOADADDR (.data)

.rel.dyn        0x0800fe60        0x0
 .rel.iplt      0x0800fe60        0x0 D:/STM32CubeIDE/STM32CubeIDE_2.1.1/STM32CubeIDE/plugins/com.st.stm32cube.ide.mcu.externaltools.gnu-tools-for-stm32.14.3.rel1.win32_1.0.100.202602081740/tools/bin/../lib/gcc/arm-none-eabi/14.3.1/thumb/v7e-m+fp/hard/crtbegin.o

.data           0x20000000      0x118 load address 0x0800fe60
                0x20000000                        . = ALIGN (0x4)
                0x20000000                        _sdata = .
 *(.data)
 *(.data*)
 .data.uart_tx_ready
                0x20000000        0x1 ./Core/Src/Drivers/df_player_driver.o
                0x20000000                uart_tx_ready
 *fill*         0x20000001        0x3 
 .data.ui_data  0x20000004       0x30 ./Core/Src/UI/ui_renderer.o
                0x20000004                ui_data
 .data.song_list
                0x20000034       0x50 ./Core/Src/UI/ui_renderer.o
 .data.labels.2
                0x20000084        0xc ./Core/Src/UI/ui_renderer.o
 .data.light_items.1
                0x20000090       0x14 ./Core/Src/UI/ui_renderer.o
 .data.timer_items.0
                0x200000a4       0x14 ./Core/Src/UI/ui_renderer.o
 .data.SystemCoreClock
                0x200000b8        0x4 ./Core/Src/system_stm32f4xx.o
                0x200000b8                SystemCoreClock
 .data.uwTickPrio
                0x200000bc        0x4 ./Drivers/STM32F4xx_HAL_Driver/Src/stm32f4xx_hal.o
                0x200000bc                uwTickPrio
 .data.uwTickFreq
                0x200000c0        0x1 ./Drivers/STM32F4xx_HAL_Driver/Src/stm32f4xx_hal.o
                0x200000c0                uwTickFreq
 *fill*         0x200000c1        0x3 
 .data.uxCriticalNesting
                0x200000c4        0x4 ./Middlewares/Third_Party/FreeRTOS/Source/portable/GCC/ARM_CM4F/port.o
 .data._impure_ptr
                0x200000c8        0x4 D:/STM32CubeIDE/STM32CubeIDE_2.1.1/STM32CubeIDE/plugins/com.st.stm32cube.ide.mcu.externaltools.gnu-tools-for-stm32.14.3.rel1.win32_1.0.100.202602081740/tools/bin/../lib/gcc/arm-none-eabi/14.3.1/../../../../arm-none-eabi/lib/thumb/v7e-m+fp/hard\libc_nano.a(libc_a-impure.o)
                0x200000c8                _impure_ptr
 .data._impure_data
                0x200000cc       0x4c D:/STM32CubeIDE/STM32CubeIDE_2.1.1/STM32CubeIDE/plugins/com.st.stm32cube.ide.mcu.externaltools.gnu-tools-for-stm32.14.3.rel1.win32_1.0.100.202602081740/tools/bin/../lib/gcc/arm-none-eabi/14.3.1/../../../../arm-none-eabi/lib/thumb/v7e-m+fp/hard\libc_nano.a(libc_a-impure.o)
                0x200000cc                _impure_data
 *(.RamFunc)
 *(.RamFunc*)
                0x20000118                        . = ALIGN (0x4)
                0x20000118                        _edata = .

.igot.plt       0x20000118        0x0 load address 0x0800ff78
 .igot.plt      0x20000118        0x0 D:/STM32CubeIDE/STM32CubeIDE_2.1.1/STM32CubeIDE/plugins/com.st.stm32cube.ide.mcu.externaltools.gnu-tools-for-stm32.14.3.rel1.win32_1.0.100.202602081740/tools/bin/../lib/gcc/arm-none-eabi/14.3.1/thumb/v7e-m+fp/hard/crtbegin.o
                0x20000118                        . = ALIGN (0x4)

.bss            0x20000118     0x5614 load address 0x0800ff78
                0x20000118                        _sbss = .
                0x20000118                        __bss_start__ = _sbss
 *(.bss)
 .bss           0x20000118       0x1c D:/STM32CubeIDE/STM32CubeIDE_2.1.1/STM32CubeIDE/plugins/com.st.stm32cube.ide.mcu.externaltools.gnu-tools-for-stm32.14.3.rel1.win32_1.0.100.202602081740/tools/bin/../lib/gcc/arm-none-eabi/14.3.1/thumb/v7e-m+fp/hard/crtbegin.o
 *(.bss*)
 .bss.currentState
                0x20000134        0x1 ./Core/Src/Applications/ui_task.o
 *fill*         0x20000135        0x3 
 .bss.currentOverlay
                0x20000138        0x8 ./Core/Src/Applications/ui_task.o
 .bss.pData     0x20000140        0xa ./Core/Src/Drivers/df_player_driver.o
 *fill*         0x2000014a        0x2 
 .bss.q         0x2000014c       0x1b ./Core/Src/Drivers/df_player_driver.o
                0x2000014c                q
 *fill*         0x20000167        0x1 
 .bss.anim_tick
                0x20000168        0x4 ./Core/Src/UI/ui_renderer.o
 .bss.music_scroll
                0x2000016c        0x4 ./Core/Src/UI/ui_renderer.o
 .bss.music_selected
                0x20000170        0x4 ./Core/Src/UI/ui_renderer.o
 .bss.menu_icon
                0x20000174        0x4 ./Core/Src/UI/ui_renderer.o
 .bss.light_selected
                0x20000178        0x4 ./Core/Src/UI/ui_renderer.o
 .bss.timer_selected
                0x2000017c        0x4 ./Core/Src/UI/ui_renderer.o
 .bss.time_field
                0x20000180        0x1 ./Core/Src/UI/ui_renderer.o
 .bss.time_h    0x20000181        0x1 ./Core/Src/UI/ui_renderer.o
 .bss.time_m    0x20000182        0x1 ./Core/Src/UI/ui_renderer.o
 *fill*         0x20000183        0x1 
 .bss.song_scroll_offset
                0x20000184        0x4 ./Core/Src/UI/ui_renderer.o
 .bss.song_scroll_pause
                0x20000188        0x4 ./Core/Src/UI/ui_renderer.o
 .bss.song_scroll_last
                0x2000018c        0x4 ./Core/Src/UI/ui_renderer.o
 .bss.hi2c1     0x20000190       0x54 ./Core/Src/main.o
                0x20000190                hi2c1
 .bss.hdma_i2c1_tx
                0x200001e4       0x60 ./Core/Src/main.o
                0x200001e4                hdma_i2c1_tx
 .bss.htim1     0x20000244       0x48 ./Core/Src/main.o
                0x20000244                htim1
 .bss.hdma_tim1_ch1
                0x2000028c       0x60 ./Core/Src/main.o
                0x2000028c                hdma_tim1_ch1
 .bss.huart1    0x200002ec       0x48 ./Core/Src/main.o
                0x200002ec                huart1
 .bss.hdma_usart1_tx
                0x20000334       0x60 ./Core/Src/main.o
                0x20000334                hdma_usart1_tx
 .bss.defaultTaskHandle
                0x20000394        0x4 ./Core/Src/main.o
                0x20000394                defaultTaskHandle
 .bss.uiQueueHandle
                0x20000398        0x4 ./Core/Src/main.o
                0x20000398                uiQueueHandle
 .bss.musicQueueHandle
                0x2000039c        0x4 ./Core/Src/main.o
                0x2000039c                musicQueueHandle
 .bss.i2c_dma_sem
                0x200003a0        0x4 ./Core/Src/main.o
                0x200003a0                i2c_dma_sem
 .bss.htim11    0x200003a4       0x48 ./Core/Src/stm32f4xx_hal_timebase_tim.o
                0x200003a4                htim11
 .bss.__sbrk_heap_end
                0x200003ec        0x4 ./Core/Src/sysmem.o
 .bss.SSD1306_Buffer
                0x200003f0      0x800 ./Drivers/OLED/ssd1306.o
 .bss.SSD1306   0x20000bf0        0x6 ./Drivers/OLED/ssd1306.o
 *fill*         0x20000bf6        0x2 
 .bss.uwTick    0x20000bf8        0x4 ./Drivers/STM32F4xx_HAL_Driver/Src/stm32f4xx_hal.o
                0x20000bf8                uwTick
 .bss.KernelState
                0x20000bfc        0x4 ./Middlewares/Third_Party/FreeRTOS/Source/CMSIS_RTOS_V2/cmsis_os2.o
 .bss.Idle_TCB.3
                0x20000c00       0xa8 ./Middlewares/Third_Party/FreeRTOS/Source/CMSIS_RTOS_V2/cmsis_os2.o
 .bss.Idle_Stack.2
                0x20000ca8      0x200 ./Middlewares/Third_Party/FreeRTOS/Source/CMSIS_RTOS_V2/cmsis_os2.o
 .bss.Timer_TCB.1
                0x20000ea8       0xa8 ./Middlewares/Third_Party/FreeRTOS/Source/CMSIS_RTOS_V2/cmsis_os2.o
 .bss.Timer_Stack.0
                0x20000f50      0x400 ./Middlewares/Third_Party/FreeRTOS/Source/CMSIS_RTOS_V2/cmsis_os2.o
 .bss.xQueueRegistry
                0x20001350       0x40 ./Middlewares/Third_Party/FreeRTOS/Source/queue.o
                0x20001350                xQueueRegistry
 .bss.pxCurrentTCB
                0x20001390        0x4 ./Middlewares/Third_Party/FreeRTOS/Source/tasks.o
                0x20001390                pxCurrentTCB
 .bss.pxReadyTasksLists
                0x20001394      0x460 ./Middlewares/Third_Party/FreeRTOS/Source/tasks.o
 .bss.xDelayedTaskList1
                0x200017f4       0x14 ./Middlewares/Third_Party/FreeRTOS/Source/tasks.o
 .bss.xDelayedTaskList2
                0x20001808       0x14 ./Middlewares/Third_Party/FreeRTOS/Source/tasks.o
 .bss.pxDelayedTaskList
                0x2000181c        0x4 ./Middlewares/Third_Party/FreeRTOS/Source/tasks.o
 .bss.pxOverflowDelayedTaskList
                0x20001820        0x4 ./Middlewares/Third_Party/FreeRTOS/Source/tasks.o
 .bss.xPendingReadyList
                0x20001824       0x14 ./Middlewares/Third_Party/FreeRTOS/Source/tasks.o
 .bss.xTasksWaitingTermination
                0x20001838       0x14 ./Middlewares/Third_Party/FreeRTOS/Source/tasks.o
 .bss.uxDeletedTasksWaitingCleanUp
                0x2000184c        0x4 ./Middlewares/Third_Party/FreeRTOS/Source/tasks.o
 .bss.xSuspendedTaskList
                0x20001850       0x14 ./Middlewares/Third_Party/FreeRTOS/Source/tasks.o
 .bss.uxCurrentNumberOfTasks
                0x20001864        0x4 ./Middlewares/Third_Party/FreeRTOS/Source/tasks.o
 .bss.xTickCount
                0x20001868        0x4 ./Middlewares/Third_Party/FreeRTOS/Source/tasks.o
 .bss.uxTopReadyPriority
                0x2000186c        0x4 ./Middlewares/Third_Party/FreeRTOS/Source/tasks.o
 .bss.xSchedulerRunning
                0x20001870        0x4 ./Middlewares/Third_Party/FreeRTOS/Source/tasks.o
 .bss.xPendedTicks
                0x20001874        0x4 ./Middlewares/Third_Party/FreeRTOS/Source/tasks.o
 .bss.xYieldPending
                0x20001878        0x4 ./Middlewares/Third_Party/FreeRTOS/Source/tasks.o
 .bss.xNumOfOverflows
                0x2000187c        0x4 ./Middlewares/Third_Party/FreeRTOS/Source/tasks.o
 .bss.uxTaskNumber
                0x20001880        0x4 ./Middlewares/Third_Party/FreeRTOS/Source/tasks.o
 .bss.xNextTaskUnblockTime
                0x20001884        0x4 ./Middlewares/Third_Party/FreeRTOS/Source/tasks.o
 .bss.xIdleTaskHandle
                0x20001888        0x4 ./Middlewares/Third_Party/FreeRTOS/Source/tasks.o
 .bss.uxSchedulerSuspended
                0x2000188c        0x4 ./Middlewares/Third_Party/FreeRTOS/Source/tasks.o
 .bss.xActiveTimerList1
                0x20001890       0x14 ./Middlewares/Third_Party/FreeRTOS/Source/timers.o
 .bss.xActiveTimerList2
                0x200018a4       0x14 ./Middlewares/Third_Party/FreeRTOS/Source/timers.o
 .bss.pxCurrentTimerList
                0x200018b8        0x4 ./Middlewares/Third_Party/FreeRTOS/Source/timers.o
 .bss.pxOverflowTimerList
                0x200018bc        0x4 ./Middlewares/Third_Party/FreeRTOS/Source/timers.o
 .bss.xTimerQueue
                0x200018c0        0x4 ./Middlewares/Third_Party/FreeRTOS/Source/timers.o
 .bss.xTimerTaskHandle
                0x200018c4        0x4 ./Middlewares/Third_Party/FreeRTOS/Source/timers.o
 .bss.xLastTime.2
                0x200018c8        0x4 ./Middlewares/Third_Party/FreeRTOS/Source/timers.o
 .bss.ucStaticTimerQueueStorage.1
                0x200018cc       0xa0 ./Middlewares/Third_Party/FreeRTOS/Source/timers.o
 .bss.xStaticTimerQueue.0
                0x2000196c       0x50 ./Middlewares/Third_Party/FreeRTOS/Source/timers.o
 .bss.ucMaxSysCallPriority
                0x200019bc        0x1 ./Middlewares/Third_Party/FreeRTOS/Source/portable/GCC/ARM_CM4F/port.o
 *fill*         0x200019bd        0x3 
 .bss.ulMaxPRIGROUPValue
                0x200019c0        0x4 ./Middlewares/Third_Party/FreeRTOS/Source/portable/GCC/ARM_CM4F/port.o
 .bss.ucHeap    0x200019c4     0x3c00 ./Middlewares/Third_Party/FreeRTOS/Source/portable/MemMang/heap_4.o
 .bss.xStart    0x200055c4        0x8 ./Middlewares/Third_Party/FreeRTOS/Source/portable/MemMang/heap_4.o
 .bss.pxEnd     0x200055cc        0x4 ./Middlewares/Third_Party/FreeRTOS/Source/portable/MemMang/heap_4.o
 .bss.xFreeBytesRemaining
                0x200055d0        0x4 ./Middlewares/Third_Party/FreeRTOS/Source/portable/MemMang/heap_4.o
 .bss.xMinimumEverFreeBytesRemaining
                0x200055d4        0x4 ./Middlewares/Third_Party/FreeRTOS/Source/portable/MemMang/heap_4.o
 .bss.xNumberOfSuccessfulAllocations
                0x200055d8        0x4 ./Middlewares/Third_Party/FreeRTOS/Source/portable/MemMang/heap_4.o
 .bss.xNumberOfSuccessfulFrees
                0x200055dc        0x4 ./Middlewares/Third_Party/FreeRTOS/Source/portable/MemMang/heap_4.o
 .bss.xBlockAllocatedBit
                0x200055e0        0x4 ./Middlewares/Third_Party/FreeRTOS/Source/portable/MemMang/heap_4.o
 .bss.__sf      0x200055e4      0x138 D:/STM32CubeIDE/STM32CubeIDE_2.1.1/STM32CubeIDE/plugins/com.st.stm32cube.ide.mcu.externaltools.gnu-tools-for-stm32.14.3.rel1.win32_1.0.100.202602081740/tools/bin/../lib/gcc/arm-none-eabi/14.3.1/../../../../arm-none-eabi/lib/thumb/v7e-m+fp/hard\libc_nano.a(libc_a-findfp.o)
                0x200055e4                __sf
 .bss.errno     0x2000571c        0x4 D:/STM32CubeIDE/STM32CubeIDE_2.1.1/STM32CubeIDE/plugins/com.st.stm32cube.ide.mcu.externaltools.gnu-tools-for-stm32.14.3.rel1.win32_1.0.100.202602081740/tools/bin/../lib/gcc/arm-none-eabi/14.3.1/../../../../arm-none-eabi/lib/thumb/v7e-m+fp/hard\libc_nano.a(libc_a-reent.o)
                0x2000571c                errno
 .bss.__lock___malloc_recursive_mutex
                0x20005720        0x1 D:/STM32CubeIDE/STM32CubeIDE_2.1.1/STM32CubeIDE/plugins/com.st.stm32cube.ide.mcu.externaltools.gnu-tools-for-stm32.14.3.rel1.win32_1.0.100.202602081740/tools/bin/../lib/gcc/arm-none-eabi/14.3.1/../../../../arm-none-eabi/lib/thumb/v7e-m+fp/hard\libc_nano.a(libc_a-lock.o)
                0x20005720                __lock___malloc_recursive_mutex
 *fill*         0x20005721        0x3 
 .bss.__malloc_sbrk_start
                0x20005724        0x4 D:/STM32CubeIDE/STM32CubeIDE_2.1.1/STM32CubeIDE/plugins/com.st.stm32cube.ide.mcu.externaltools.gnu-tools-for-stm32.14.3.rel1.win32_1.0.100.202602081740/tools/bin/../lib/gcc/arm-none-eabi/14.3.1/../../../../arm-none-eabi/lib/thumb/v7e-m+fp/hard\libc_nano.a(libc_a-mallocr.o)
                0x20005724                __malloc_sbrk_start
 .bss.__malloc_free_list
                0x20005728        0x4 D:/STM32CubeIDE/STM32CubeIDE_2.1.1/STM32CubeIDE/plugins/com.st.stm32cube.ide.mcu.externaltools.gnu-tools-for-stm32.14.3.rel1.win32_1.0.100.202602081740/tools/bin/../lib/gcc/arm-none-eabi/14.3.1/../../../../arm-none-eabi/lib/thumb/v7e-m+fp/hard\libc_nano.a(libc_a-mallocr.o)
                0x20005728                __malloc_free_list
 *(COMMON)
                0x2000572c                        . = ALIGN (0x4)
                0x2000572c                        _ebss = .
                0x2000572c                        __bss_end__ = _ebss

._user_heap_stack
                0x2000572c      0x604 load address 0x0800ff78
                0x20005730                        . = ALIGN (0x8)
 *fill*         0x2000572c        0x4 
                [!provide]                        PROVIDE (end = .)
                0x20005730                        PROVIDE (_end = .)
                0x20005930                        . = (. + _Min_Heap_Size)
 *fill*         0x20005730      0x200 
                0x20005d30                        . = (. + _Min_Stack_Size)
 *fill*         0x20005930      0x400 
                0x20005d30                        . = ALIGN (0x8)

/DISCARD/
 libc.a(*)
 libm.a(*)
 libgcc.a(*)

.ARM.attributes
                0x00000000       0x30
 *(.ARM.attributes)
 .ARM.attributes
                0x00000000       0x22 D:/STM32CubeIDE/STM32CubeIDE_2.1.1/STM32CubeIDE/plugins/com.st.stm32cube.ide.mcu.externaltools.gnu-tools-for-stm32.14.3.rel1.win32_1.0.100.202602081740/tools/bin/../lib/gcc/arm-none-eabi/14.3.1/thumb/v7e-m+fp/hard/crti.o
 .ARM.attributes
                0x00000022       0x34 D:/STM32CubeIDE/STM32CubeIDE_2.1.1/STM32CubeIDE/plugins/com.st.stm32cube.ide.mcu.externaltools.gnu-tools-for-stm32.14.3.rel1.win32_1.0.100.202602081740/tools/bin/../lib/gcc/arm-none-eabi/14.3.1/thumb/v7e-m+fp/hard/crtbegin.o
 .ARM.attributes
                0x00000056       0x34 ./Core/Src/Applications/light_task.o
 .ARM.attributes
                0x0000008a       0x34 ./Core/Src/Applications/music_task.o
 .ARM.attributes
                0x000000be       0x34 ./Core/Src/Applications/ui_task.o
 .ARM.attributes
                0x000000f2       0x34 ./Core/Src/Drivers/df_player_driver.o
 .ARM.attributes
                0x00000126       0x34 ./Core/Src/UI/ui_renderer.o
 .ARM.attributes
                0x0000015a       0x34 ./Core/Src/main.o
 .ARM.attributes
                0x0000018e       0x34 ./Core/Src/stm32f4xx_hal_msp.o
 .ARM.attributes
                0x000001c2       0x34 ./Core/Src/stm32f4xx_hal_timebase_tim.o
 .ARM.attributes
                0x000001f6       0x34 ./Core/Src/stm32f4xx_it.o
 .ARM.attributes
                0x0000022a       0x34 ./Core/Src/sysmem.o
 .ARM.attributes
                0x0000025e       0x34 ./Core/Src/system_stm32f4xx.o
 .ARM.attributes
                0x00000292       0x21 ./Core/Startup/startup_stm32f412retx.o
 .ARM.attributes
                0x000002b3       0x34 ./Drivers/OLED/ssd1306.o
 .ARM.attributes
                0x000002e7       0x34 ./Drivers/OLED/ssd1306_fonts.o
 .ARM.attributes
                0x0000031b       0x34 ./Drivers/STM32F4xx_HAL_Driver/Src/stm32f4xx_hal.o
 .ARM.attributes
                0x0000034f       0x34 ./Drivers/STM32F4xx_HAL_Driver/Src/stm32f4xx_hal_cortex.o
 .ARM.attributes
                0x00000383       0x34 ./Drivers/STM32F4xx_HAL_Driver/Src/stm32f4xx_hal_dma.o
 .ARM.attributes
                0x000003b7       0x34 ./Drivers/STM32F4xx_HAL_Driver/Src/stm32f4xx_hal_gpio.o
 .ARM.attributes
                0x000003eb       0x34 ./Drivers/STM32F4xx_HAL_Driver/Src/stm32f4xx_hal_i2c.o
 .ARM.attributes
                0x0000041f       0x34 ./Drivers/STM32F4xx_HAL_Driver/Src/stm32f4xx_hal_rcc.o
 .ARM.attributes
                0x00000453       0x34 ./Drivers/STM32F4xx_HAL_Driver/Src/stm32f4xx_hal_rcc_ex.o
 .ARM.attributes
                0x00000487       0x34 ./Drivers/STM32F4xx_HAL_Driver/Src/stm32f4xx_hal_tim.o
 .ARM.attributes
                0x000004bb       0x34 ./Drivers/STM32F4xx_HAL_Driver/Src/stm32f4xx_hal_tim_ex.o
 .ARM.attributes
                0x000004ef       0x34 ./Drivers/STM32F4xx_HAL_Driver/Src/stm32f4xx_hal_uart.o
 .ARM.attributes
                0x00000523       0x34 ./Middlewares/Third_Party/FreeRTOS/Source/CMSIS_RTOS_V2/cmsis_os2.o
 .ARM.attributes
                0x00000557       0x34 ./Middlewares/Third_Party/FreeRTOS/Source/list.o
 .ARM.attributes
                0x0000058b       0x34 ./Middlewares/Third_Party/FreeRTOS/Source/queue.o
 .ARM.attributes
                0x000005bf       0x34 ./Middlewares/Third_Party/FreeRTOS/Source/tasks.o
 .ARM.attributes
                0x000005f3       0x34 ./Middlewares/Third_Party/FreeRTOS/Source/timers.o
 .ARM.attributes
                0x00000627       0x34 ./Middlewares/Third_Party/FreeRTOS/Source/portable/GCC/ARM_CM4F/port.o
 .ARM.attributes
                0x0000065b       0x34 ./Middlewares/Third_Party/FreeRTOS/Source/portable/MemMang/heap_4.o
 .ARM.attributes
                0x0000068f       0x34 D:/STM32CubeIDE/STM32CubeIDE_2.1.1/STM32CubeIDE/plugins/com.st.stm32cube.ide.mcu.externaltools.gnu-tools-for-stm32.14.3.rel1.win32_1.0.100.202602081740/tools/bin/../lib/gcc/arm-none-eabi/14.3.1/../../../../arm-none-eabi/lib/thumb/v7e-m+fp/hard\libc_nano.a(libc_a-findfp.o)
 .ARM.attributes