../Core/Src/Drivers/df_player_driver.c:33:6:initQueue	4	static
../Core/Src/Drivers/df_player_driver.c:39:6:enqueue	16	static,ignoring_inline_asm
../Core/Src/Drivers/df_player_driver.c:56:6:df_player_init	16	static
../Core/Src/Drivers/df_player_driver.c:63:6:play	24	static
../Core/Src/Drivers/df_player_driver.c:71:6:pause	16	static
../Core/Src/Drivers/df_player_driver.c:76:6:stop	16	static
../Core/Src/Drivers/df_player_driver.c:81:6:set_volume	24	static
../Core/Src/Drivers/df_player_driver.c:92:6:change_track	24	static
../Core/Src/Drivers/df_player_driver.c:105:6:HAL_UART_TxCpltCallback	16	static
../Core/Src/Drivers/df_player_driver.c:112:6:is_empty	4	static
../Core/Src/Drivers/df_player_driver.c:116:6:is_full	4	static
../Core/Src/Drivers/df_player_driver.c:120:6:dequeue	16	static
../Core/Src/Drivers/df_player_driver.c:132:10:df_build_packet	32	static
../Core/Src/Drivers/df_player_driver.c:160:6:uart_tx	16	static
../Core/Src/Drivers/df_player_driver.c:164:6:df_try_start_tx	16	static
../Core/Src/Drivers/df_player_driver.c:177:6:error_check	4	static
