../Core/Src/Drivers/df_player_driver.c:32:6:initQueue	4	static
../Core/Src/Drivers/df_player_driver.c:38:6:enqueue	16	static,ignoring_inline_asm
../Core/Src/Drivers/df_player_driver.c:55:6:df_player_init	16	static
../Core/Src/Drivers/df_player_driver.c:62:6:play	24	static
../Core/Src/Drivers/df_player_driver.c:70:6:pause	16	static
../Core/Src/Drivers/df_player_driver.c:75:6:stop	16	static
../Core/Src/Drivers/df_player_driver.c:80:6:set_volume	24	static
../Core/Src/Drivers/df_player_driver.c:91:6:change_track	24	static
../Core/Src/Drivers/df_player_driver.c:104:6:HAL_UART_TxCpltCallback	16	static
../Core/Src/Drivers/df_player_driver.c:111:6:is_empty	4	static
../Core/Src/Drivers/df_player_driver.c:115:6:is_full	4	static
../Core/Src/Drivers/df_player_driver.c:119:6:dequeue	16	static
../Core/Src/Drivers/df_player_driver.c:131:10:df_build_packet	32	static
../Core/Src/Drivers/df_player_driver.c:159:6:uart_tx	16	static
../Core/Src/Drivers/df_player_driver.c:163:6:df_try_start_tx	16	static
../Core/Src/Drivers/df_player_driver.c:176:6:error_check	4	static
